<?xml version="1.0"?>
<link_info>
   <banner>TI ARM Linker PC v5.2.3</banner>
   <copyright>Copyright (c) 1996-2015 Texas Instruments Incorporated</copyright>
   <link_time>0x5540f98c</link_time>
   <link_errors>0x0</link_errors>
   <output_file>PRU_Demo.out</output_file>
   <entry_point>
      <name>Entry</name>
      <address>0x80000000</address>
   </entry_point>
   <input_file_list>
      <input_file id="fl-2">
         <path>.\</path>
         <kind>object</kind>
         <file>pru.obj</file>
         <name>pru.obj</name>
      </input_file>
      <input_file id="fl-3">
         <path>.\</path>
         <kind>object</kind>
         <file>pru_cape_demo.obj</file>
         <name>pru_cape_demo.obj</name>
      </input_file>
      <input_file id="fl-4">
         <path>C:\temp\pru-software-support-package_042915\pru_cape\pru_fw\PRU_Audio\Debug\</path>
         <kind>object</kind>
         <file>PRU_Audio_image.obj</file>
         <name>PRU_Audio_image.obj</name>
      </input_file>
      <input_file id="fl-5">
         <path>C:\temp\pru-software-support-package_042915\pru_cape\pru_fw\PRU_HDQ_TempSensor0\Debug\</path>
         <kind>object</kind>
         <file>PRU_HDQ_TempSensor0_image.obj</file>
         <name>PRU_HDQ_TempSensor0_image.obj</name>
      </input_file>
      <input_file id="fl-6">
         <path>C:\temp\pru-software-support-package_042915\pru_cape\pru_fw\PRU_HDQ_TempSensor1\Debug\</path>
         <kind>object</kind>
         <file>PRU_HDQ_TempSensor1_image.obj</file>
         <name>PRU_HDQ_TempSensor1_image.obj</name>
      </input_file>
      <input_file id="fl-7">
         <path>C:\temp\pru-software-support-package_042915\pru_cape\pru_fw\PRU_Hardware_UART\Debug\</path>
         <kind>object</kind>
         <file>PRU_Hardware_UART_image.obj</file>
         <name>PRU_Hardware_UART_image.obj</name>
      </input_file>
      <input_file id="fl-8">
         <path>C:\temp\pru-software-support-package_042915\pru_cape\pru_fw\PRU_LED0\Debug\</path>
         <kind>object</kind>
         <file>PRU_LED0_image.obj</file>
         <name>PRU_LED0_image.obj</name>
      </input_file>
      <input_file id="fl-9">
         <path>C:\temp\pru-software-support-package_042915\pru_cape\pru_fw\PRU_LED1\Debug\</path>
         <kind>object</kind>
         <file>PRU_LED1_image.obj</file>
         <name>PRU_LED1_image.obj</name>
      </input_file>
      <input_file id="fl-a">
         <path>C:\temp\pru-software-support-package_042915\pru_cape\pru_fw\PRU_Switch\Debug\</path>
         <kind>object</kind>
         <file>PRU_Switch_image.obj</file>
         <name>PRU_Switch_image.obj</name>
      </input_file>
      <input_file id="fl-13">
         <path>C:\temp_ccs\ccsv6\tools\compiler\ti-cgt-arm_5.2.3\lib\</path>
         <kind>archive</kind>
         <file>rtsv7A8_A_le_eabi.lib</file>
         <name>copy_decompress_none.obj</name>
      </input_file>
      <input_file id="fl-14">
         <path>C:\temp_ccs\ccsv6\tools\compiler\ti-cgt-arm_5.2.3\lib\</path>
         <kind>archive</kind>
         <file>rtsv7A8_A_le_eabi.lib</file>
         <name>copy_decompress_rle.obj</name>
      </input_file>
      <input_file id="fl-15">
         <path>C:\temp_ccs\ccsv6\tools\compiler\ti-cgt-arm_5.2.3\lib\</path>
         <kind>archive</kind>
         <file>rtsv7A8_A_le_eabi.lib</file>
         <name>copy_zero_init.obj</name>
      </input_file>
      <input_file id="fl-16">
         <path>C:\temp_ccs\ccsv6\tools\compiler\ti-cgt-arm_5.2.3\lib\</path>
         <kind>archive</kind>
         <file>rtsv7A8_A_le_eabi.lib</file>
         <name>memcpy32.obj</name>
      </input_file>
      <input_file id="fl-17">
         <path>C:\temp_ccs\ccsv6\tools\compiler\ti-cgt-arm_5.2.3\lib\</path>
         <kind>archive</kind>
         <file>rtsv7A8_A_le_eabi.lib</file>
         <name>memset32.obj</name>
      </input_file>
      <input_file id="fl-18">
         <path>C:\TI\AM335X_StarterWare_02_00_01_01\binary\armv7a\cgt_ccs\utils\Release\</path>
         <kind>archive</kind>
         <file>utils.lib</file>
         <name>consoleUtils.obj</name>
      </input_file>
      <input_file id="fl-19">
         <path>C:\TI\AM335X_StarterWare_02_00_01_01\binary\armv7a\cgt_ccs\utils\Release\</path>
         <kind>archive</kind>
         <file>utils.lib</file>
         <name>uartStdio.obj</name>
      </input_file>
      <input_file id="fl-1a">
         <path>C:\TI\AM335X_StarterWare_02_00_01_01\binary\armv7a\cgt_ccs\utils\Release\</path>
         <kind>archive</kind>
         <file>utils.lib</file>
         <name>ascii.obj</name>
      </input_file>
      <input_file id="fl-1b">
         <path>C:\TI\AM335X_StarterWare_02_00_01_01\binary\armv7a\cgt_ccs\am335x\system_config\Release\</path>
         <kind>archive</kind>
         <file>system.lib</file>
         <name>init.obj</name>
      </input_file>
      <input_file id="fl-1c">
         <path>C:\TI\AM335X_StarterWare_02_00_01_01\binary\armv7a\cgt_ccs\am335x\system_config\Release\</path>
         <kind>archive</kind>
         <file>system.lib</file>
         <name>startup.obj</name>
      </input_file>
      <input_file id="fl-1d">
         <path>C:\TI\AM335X_StarterWare_02_00_01_01\binary\armv7a\cgt_ccs\am335x\system_config\Release\</path>
         <kind>archive</kind>
         <file>system.lib</file>
         <name>exceptionhandler.obj</name>
      </input_file>
      <input_file id="fl-1e">
         <path>C:\TI\AM335X_StarterWare_02_00_01_01\binary\armv7a\cgt_ccs\am335x\system_config\Release\</path>
         <kind>archive</kind>
         <file>system.lib</file>
         <name>cpu.obj</name>
      </input_file>
      <input_file id="fl-1f">
         <path>C:\TI\AM335X_StarterWare_02_00_01_01\binary\armv7a\cgt_ccs\am335x\system_config\Release\</path>
         <kind>archive</kind>
         <file>system.lib</file>
         <name>cp15.obj</name>
      </input_file>
      <input_file id="fl-20">
         <path>C:\TI\AM335X_StarterWare_02_00_01_01\binary\armv7a\cgt_ccs\am335x\system_config\Release\</path>
         <kind>archive</kind>
         <file>system.lib</file>
         <name>interrupt.obj</name>
      </input_file>
      <input_file id="fl-21">
         <path>C:\TI\AM335X_StarterWare_02_00_01_01\binary\armv7a\cgt_ccs\am335x\beaglebone\platform\Release\</path>
         <kind>archive</kind>
         <file>platform.lib</file>
         <name>uartConsole.obj</name>
      </input_file>
      <input_file id="fl-22">
         <path>C:\TI\AM335X_StarterWare_02_00_01_01\binary\armv7a\cgt_ccs\am335x\beaglebone\platform\Release\</path>
         <kind>archive</kind>
         <file>platform.lib</file>
         <name>uart.obj</name>
      </input_file>
      <input_file id="fl-23">
         <path>C:\temp_ccs\ccsv6\tools\compiler\ti-cgt-arm_5.2.3\lib\</path>
         <kind>archive</kind>
         <file>rtsv7A8_A_le_eabi.lib</file>
         <name>autoinit.obj</name>
      </input_file>
      <input_file id="fl-24">
         <path>C:\temp_ccs\ccsv6\tools\compiler\ti-cgt-arm_5.2.3\lib\</path>
         <kind>archive</kind>
         <file>rtsv7A8_A_le_eabi.lib</file>
         <name>boot.obj</name>
      </input_file>
      <input_file id="fl-25">
         <path>C:\temp_ccs\ccsv6\tools\compiler\ti-cgt-arm_5.2.3\lib\</path>
         <kind>archive</kind>
         <file>rtsv7A8_A_le_eabi.lib</file>
         <name>cpy_tbl.obj</name>
      </input_file>
      <input_file id="fl-26">
         <path>C:\temp_ccs\ccsv6\tools\compiler\ti-cgt-arm_5.2.3\lib\</path>
         <kind>archive</kind>
         <file>rtsv7A8_A_le_eabi.lib</file>
         <name>exit.obj</name>
      </input_file>
      <input_file id="fl-27">
         <path>C:\temp_ccs\ccsv6\tools\compiler\ti-cgt-arm_5.2.3\lib\</path>
         <kind>archive</kind>
         <file>rtsv7A8_A_le_eabi.lib</file>
         <name>pre_init.obj</name>
      </input_file>
      <input_file id="fl-28">
         <path>C:\temp_ccs\ccsv6\tools\compiler\ti-cgt-arm_5.2.3\lib\</path>
         <kind>archive</kind>
         <file>rtsv7A8_A_le_eabi.lib</file>
         <name>stkdepth_vars.obj</name>
      </input_file>
      <input_file id="fl-29">
         <path>C:\temp_ccs\ccsv6\tools\compiler\ti-cgt-arm_5.2.3\lib\</path>
         <kind>archive</kind>
         <file>rtsv7A8_A_le_eabi.lib</file>
         <name>u_div32.obj</name>
      </input_file>
      <input_file id="fl-2a">
         <path>C:\temp_ccs\ccsv6\tools\compiler\ti-cgt-arm_5.2.3\lib\</path>
         <kind>archive</kind>
         <file>rtsv7A8_A_le_eabi.lib</file>
         <name>_lock.obj</name>
      </input_file>
      <input_file id="fl-2b">
         <path>C:\temp_ccs\ccsv6\tools\compiler\ti-cgt-arm_5.2.3\lib\</path>
         <kind>archive</kind>
         <file>rtsv7A8_A_le_eabi.lib</file>
         <name>args_main.obj</name>
      </input_file>
      <input_file id="fl-2c">
         <path>C:\temp_ccs\ccsv6\tools\compiler\ti-cgt-arm_5.2.3\lib\</path>
         <kind>archive</kind>
         <file>rtsv7A8_A_le_eabi.lib</file>
         <name>i_div0.obj</name>
      </input_file>
      <input_file id="fl-2d">
         <path>C:\TI\AM335X_StarterWare_02_00_01_01\binary\armv7a\cgt_ccs\am335x\drivers\Release\</path>
         <kind>archive</kind>
         <file>drivers.lib</file>
         <name>uart_irda_cir.obj</name>
      </input_file>
   </input_file_list>
   <object_component_list>
      <object_component id="oc-2d">
         <name>.text:Entry</name>
         <load_address>0x80000000</load_address>
         <run_address>0x80000000</run_address>
         <size>0xc8</size>
         <input_file_ref idref="fl-1b"/>
      </object_component>
      <object_component id="oc-20b">
         <name>.tramp.__TI_auto_init.1</name>
         <load_address>0x800000c8</load_address>
         <run_address>0x800000c8</run_address>
         <size>0x8</size>
         <input_file_ref idref="fl-23"/>
      </object_component>
      <object_component id="oc-5e">
         <name>.text</name>
         <load_address>0x800000d0</load_address>
         <run_address>0x800000d0</run_address>
         <size>0x0</size>
         <input_file_ref idref="fl-13"/>
      </object_component>
      <object_component id="oc-6b">
         <name>.text</name>
         <load_address>0x800000d0</load_address>
         <run_address>0x800000d0</run_address>
         <size>0x0</size>
         <input_file_ref idref="fl-15"/>
      </object_component>
      <object_component id="oc-8f">
         <name>.text</name>
         <load_address>0x800000d0</load_address>
         <run_address>0x800000d0</run_address>
         <size>0x0</size>
         <input_file_ref idref="fl-1b"/>
      </object_component>
      <object_component id="oc-e4">
         <name>.text</name>
         <load_address>0x800000d0</load_address>
         <run_address>0x800000d0</run_address>
         <size>0x0</size>
         <input_file_ref idref="fl-28"/>
      </object_component>
      <object_component id="oc-7f">
         <name>.text</name>
         <load_address>0x800000d0</load_address>
         <run_address>0x800000d0</run_address>
         <size>0xf2c</size>
         <input_file_ref idref="fl-19"/>
      </object_component>
      <object_component id="oc-102">
         <name>.text</name>
         <load_address>0x80000ffc</load_address>
         <run_address>0x80000ffc</run_address>
         <size>0xe8c</size>
         <input_file_ref idref="fl-2d"/>
      </object_component>
      <object_component id="oc-4a">
         <name>.text</name>
         <load_address>0x80001e88</load_address>
         <run_address>0x80001e88</run_address>
         <size>0xc7c</size>
         <input_file_ref idref="fl-3"/>
      </object_component>
      <object_component id="oc-a8">
         <name>.text</name>
         <load_address>0x80002b04</load_address>
         <run_address>0x80002b04</run_address>
         <size>0x488</size>
         <input_file_ref idref="fl-1f"/>
      </object_component>
      <object_component id="oc-89">
         <name>.text</name>
         <load_address>0x80002f8c</load_address>
         <run_address>0x80002f8c</run_address>
         <size>0x290</size>
         <input_file_ref idref="fl-1a"/>
      </object_component>
      <object_component id="oc-ad">
         <name>.text</name>
         <load_address>0x8000321c</load_address>
         <run_address>0x8000321c</run_address>
         <size>0x278</size>
         <input_file_ref idref="fl-20"/>
      </object_component>
      <object_component id="oc-bc">
         <name>.text</name>
         <load_address>0x80003494</load_address>
         <run_address>0x80003494</run_address>
         <size>0x1c4</size>
         <input_file_ref idref="fl-22"/>
      </object_component>
      <object_component id="oc-76">
         <name>.text</name>
         <load_address>0x80003658</load_address>
         <run_address>0x80003658</run_address>
         <size>0x1c4</size>
         <input_file_ref idref="fl-18"/>
      </object_component>
      <object_component id="oc-6c">
         <name>.text</name>
         <load_address>0x8000381c</load_address>
         <run_address>0x8000381c</run_address>
         <size>0x180</size>
         <input_file_ref idref="fl-16"/>
      </object_component>
      <object_component id="oc-44">
         <name>.text</name>
         <load_address>0x8000399c</load_address>
         <run_address>0x8000399c</run_address>
         <size>0x154</size>
         <input_file_ref idref="fl-2"/>
      </object_component>
      <object_component id="oc-b6">
         <name>.text</name>
         <load_address>0x80003af0</load_address>
         <run_address>0x80003af0</run_address>
         <size>0x10c</size>
         <input_file_ref idref="fl-21"/>
      </object_component>
      <object_component id="oc-9c">
         <name>.text</name>
         <load_address>0x80003bfc</load_address>
         <run_address>0x80003bfc</run_address>
         <size>0x10c</size>
         <input_file_ref idref="fl-1d"/>
      </object_component>
      <object_component id="oc-e8">
         <name>.text</name>
         <load_address>0x80003d08</load_address>
         <run_address>0x80003d08</run_address>
         <size>0xf0</size>
         <input_file_ref idref="fl-29"/>
      </object_component>
      <object_component id="oc-71">
         <name>.text</name>
         <load_address>0x80003df8</load_address>
         <run_address>0x80003df8</run_address>
         <size>0xb0</size>
         <input_file_ref idref="fl-17"/>
      </object_component>
      <object_component id="oc-c2">
         <name>.text</name>
         <load_address>0x80003ea8</load_address>
         <run_address>0x80003ea8</run_address>
         <size>0xa4</size>
         <input_file_ref idref="fl-23"/>
      </object_component>
      <object_component id="oc-5f">
         <name>.text</name>
         <load_address>0x80003f4c</load_address>
         <run_address>0x80003f4c</run_address>
         <size>0xa0</size>
         <input_file_ref idref="fl-14"/>
      </object_component>
      <object_component id="oc-cf">
         <name>.text</name>
         <load_address>0x80003fec</load_address>
         <run_address>0x80003fec</run_address>
         <size>0x84</size>
         <input_file_ref idref="fl-25"/>
      </object_component>
      <object_component id="oc-d5">
         <name>.text</name>
         <load_address>0x80004070</load_address>
         <run_address>0x80004070</run_address>
         <size>0x78</size>
         <input_file_ref idref="fl-26"/>
      </object_component>
      <object_component id="oc-a1">
         <name>.text</name>
         <load_address>0x800040e8</load_address>
         <run_address>0x800040e8</run_address>
         <size>0x60</size>
         <input_file_ref idref="fl-1e"/>
      </object_component>
      <object_component id="oc-c8">
         <name>.text</name>
         <load_address>0x80004148</load_address>
         <run_address>0x80004148</run_address>
         <size>0x54</size>
         <input_file_ref idref="fl-24"/>
      </object_component>
      <object_component id="oc-90">
         <name>.text</name>
         <load_address>0x8000419c</load_address>
         <run_address>0x8000419c</run_address>
         <size>0x44</size>
         <input_file_ref idref="fl-1c"/>
      </object_component>
      <object_component id="oc-ed">
         <name>.text</name>
         <load_address>0x800041e0</load_address>
         <run_address>0x800041e0</run_address>
         <size>0x24</size>
         <input_file_ref idref="fl-2a"/>
      </object_component>
      <object_component id="oc-f6">
         <name>.text</name>
         <load_address>0x80004204</load_address>
         <run_address>0x80004204</run_address>
         <size>0x20</size>
         <input_file_ref idref="fl-2b"/>
      </object_component>
      <object_component id="oc-32">
         <name>.text:decompress:none</name>
         <load_address>0x80004224</load_address>
         <run_address>0x80004224</run_address>
         <size>0x14</size>
         <input_file_ref idref="fl-13"/>
      </object_component>
      <object_component id="oc-3e">
         <name>.text:decompress:ZI</name>
         <load_address>0x80004238</load_address>
         <run_address>0x80004238</run_address>
         <size>0x10</size>
         <input_file_ref idref="fl-15"/>
      </object_component>
      <object_component id="oc-a7">
         <name>.text:CPUIntStatus</name>
         <load_address>0x80004248</load_address>
         <run_address>0x80004248</run_address>
         <size>0xc</size>
         <input_file_ref idref="fl-1e"/>
      </object_component>
      <object_component id="oc-38">
         <name>.text:decompress:rle24</name>
         <load_address>0x80004254</load_address>
         <run_address>0x80004254</run_address>
         <size>0x8</size>
         <input_file_ref idref="fl-14"/>
      </object_component>
      <object_component id="oc-65">
         <name>.text:decompress:rle</name>
         <load_address>0x8000425c</load_address>
         <run_address>0x8000425c</run_address>
         <size>0x8</size>
         <input_file_ref idref="fl-14"/>
      </object_component>
      <object_component id="oc-de">
         <name>.text</name>
         <load_address>0x80004264</load_address>
         <run_address>0x80004264</run_address>
         <size>0x8</size>
         <input_file_ref idref="fl-27"/>
      </object_component>
      <object_component id="oc-fc">
         <name>.text</name>
         <load_address>0x8000426c</load_address>
         <run_address>0x8000426c</run_address>
         <size>0x4</size>
         <input_file_ref idref="fl-2c"/>
      </object_component>
      <object_component id="oc-99">
         <name>.const:vecTbl</name>
         <load_address>0x80012474</load_address>
         <run_address>0x80012474</run_address>
         <size>0x38</size>
         <input_file_ref idref="fl-1c"/>
      </object_component>
      <object_component id="oc-88">
         <name>.const:.string</name>
         <load_address>0x800124ac</load_address>
         <run_address>0x800124ac</run_address>
         <size>0x14</size>
         <input_file_ref idref="fl-19"/>
      </object_component>
      <object_component id="oc-96">
         <name>.const</name>
         <load_address>0x800124c0</load_address>
         <run_address>0x800124c0</run_address>
         <size>0x4</size>
         <input_file_ref idref="fl-1c"/>
      </object_component>
      <object_component id="oc-85">
         <name>.const</name>
         <load_address>0x800124c4</load_address>
         <run_address>0x800124c4</run_address>
         <size>0x4</size>
         <input_file_ref idref="fl-19"/>
      </object_component>
      <object_component id="oc-202">
         <name>.cinit.AUDIO_text.load</name>
         <load_address>0x800124e0</load_address>
         <run_address>0x800124e0</run_address>
         <size>0x483</size>
      </object_component>
      <object_component id="oc-206">
         <name>.cinit.TEMPSENSOR0_text.load</name>
         <load_address>0x80012968</load_address>
         <run_address>0x80012968</run_address>
         <size>0x43f</size>
      </object_component>
      <object_component id="oc-204">
         <name>.cinit.HW_UART_text.load</name>
         <load_address>0x80012da8</load_address>
         <run_address>0x80012da8</run_address>
         <size>0x243</size>
      </object_component>
      <object_component id="oc-208">
         <name>.cinit.TEMPSENSOR1_text.load</name>
         <load_address>0x80012ff0</load_address>
         <run_address>0x80012ff0</run_address>
         <size>0x20f</size>
      </object_component>
      <object_component id="oc-207">
         <name>.cinit.TEMPSENSOR0_data.load</name>
         <load_address>0x80013200</load_address>
         <run_address>0x80013200</run_address>
         <size>0x112</size>
      </object_component>
      <object_component id="oc-203">
         <name>.cinit.AUDIO_data.load</name>
         <load_address>0x80013318</load_address>
         <run_address>0x80013318</run_address>
         <size>0x109</size>
      </object_component>
      <object_component id="oc-200">
         <name>.cinit.SW_text.load</name>
         <load_address>0x80013428</load_address>
         <run_address>0x80013428</run_address>
         <size>0x77</size>
      </object_component>
      <object_component id="oc-1fc">
         <name>.cinit.LED0_text.load</name>
         <load_address>0x800134a0</load_address>
         <run_address>0x800134a0</run_address>
         <size>0x6f</size>
      </object_component>
      <object_component id="oc-1fe">
         <name>.cinit.LED1_text.load</name>
         <load_address>0x80013510</load_address>
         <run_address>0x80013510</run_address>
         <size>0x6f</size>
      </object_component>
      <object_component id="oc-205">
         <name>.cinit.HW_UART_data.load</name>
         <load_address>0x80013580</load_address>
         <run_address>0x80013580</run_address>
         <size>0x64</size>
      </object_component>
      <object_component id="oc-1fa">
         <name>.cinit..data.load</name>
         <load_address>0x800135e8</load_address>
         <run_address>0x800135e8</run_address>
         <size>0x11</size>
      </object_component>
      <object_component id="oc-1fd">
         <name>.cinit.LED0_data.load</name>
         <load_address>0x80013600</load_address>
         <run_address>0x80013600</run_address>
         <size>0x11</size>
      </object_component>
      <object_component id="oc-1ff">
         <name>.cinit.LED1_data.load</name>
         <load_address>0x80013618</load_address>
         <run_address>0x80013618</run_address>
         <size>0x11</size>
      </object_component>
      <object_component id="oc-201">
         <name>.cinit.SW_data.load</name>
         <load_address>0x80013630</load_address>
         <run_address>0x80013630</run_address>
         <size>0x11</size>
      </object_component>
      <object_component id="oc-209">
         <name>.cinit.TEMPSENSOR1_data.load</name>
         <load_address>0x80013648</load_address>
         <run_address>0x80013648</run_address>
         <size>0x11</size>
      </object_component>
      <object_component id="oc-1f8">
         <name>__TI_handler_table</name>
         <load_address>0x8001365c</load_address>
         <run_address>0x8001365c</run_address>
         <size>0xc</size>
      </object_component>
      <object_component id="oc-1fb">
         <name>.cinit..bss.load</name>
         <load_address>0x80013668</load_address>
         <run_address>0x80013668</run_address>
         <size>0x8</size>
      </object_component>
      <object_component id="oc-1f9">
         <name>__TI_cinit_table</name>
         <load_address>0x80013670</load_address>
         <run_address>0x80013670</run_address>
         <size>0x80</size>
      </object_component>
      <object_component id="oc-cd">
         <name>.stack</name>
         <uninitialized>true</uninitialized>
         <run_address>0x87fff000</run_address>
         <size>0x0</size>
         <input_file_ref idref="fl-24"/>
      </object_component>
      <object_component id="oc-20a">
         <name>.stack</name>
         <uninitialized>true</uninitialized>
         <run_address>0x87fff000</run_address>
         <size>0x0</size>
      </object_component>
      <object_component id="oc-58">
         <name>.text</name>
         <load_address>0x80009270</load_address>
         <run_address>0x80009270</run_address>
         <size>0x1000</size>
         <input_file_ref idref="fl-8"/>
      </object_component>
      <object_component id="oc-59">
         <name>.data</name>
         <load_address>0x80008270</load_address>
         <run_address>0x80008270</run_address>
         <size>0x1000</size>
         <input_file_ref idref="fl-8"/>
      </object_component>
      <object_component id="oc-5a">
         <name>.text</name>
         <load_address>0x8000b270</load_address>
         <run_address>0x8000b270</run_address>
         <size>0x1000</size>
         <input_file_ref idref="fl-9"/>
      </object_component>
      <object_component id="oc-5b">
         <name>.data</name>
         <load_address>0x8000a270</load_address>
         <run_address>0x8000a270</run_address>
         <size>0x1000</size>
         <input_file_ref idref="fl-9"/>
      </object_component>
      <object_component id="oc-5c">
         <name>.text</name>
         <load_address>0x8000d270</load_address>
         <run_address>0x8000d270</run_address>
         <size>0x1000</size>
         <input_file_ref idref="fl-a"/>
      </object_component>
      <object_component id="oc-5d">
         <name>.data</name>
         <load_address>0x8000c270</load_address>
         <run_address>0x8000c270</run_address>
         <size>0x1000</size>
         <input_file_ref idref="fl-a"/>
      </object_component>
      <object_component id="oc-50">
         <name>.text</name>
         <load_address>0x80005270</load_address>
         <run_address>0x80005270</run_address>
         <size>0x1000</size>
         <input_file_ref idref="fl-4"/>
      </object_component>
      <object_component id="oc-51">
         <name>.data</name>
         <load_address>0x80004270</load_address>
         <run_address>0x80004270</run_address>
         <size>0x1000</size>
         <input_file_ref idref="fl-4"/>
      </object_component>
      <object_component id="oc-56">
         <name>.text</name>
         <load_address>0x80007270</load_address>
         <run_address>0x80007270</run_address>
         <size>0x1000</size>
         <input_file_ref idref="fl-7"/>
      </object_component>
      <object_component id="oc-57">
         <name>.data</name>
         <load_address>0x80006270</load_address>
         <run_address>0x80006270</run_address>
         <size>0x1000</size>
         <input_file_ref idref="fl-7"/>
      </object_component>
      <object_component id="oc-52">
         <name>.text</name>
         <load_address>0x8000f270</load_address>
         <run_address>0x8000f270</run_address>
         <size>0x1000</size>
         <input_file_ref idref="fl-5"/>
      </object_component>
      <object_component id="oc-53">
         <name>.data</name>
         <load_address>0x8000e270</load_address>
         <run_address>0x8000e270</run_address>
         <size>0x1000</size>
         <input_file_ref idref="fl-5"/>
      </object_component>
      <object_component id="oc-54">
         <name>.text</name>
         <load_address>0x80011270</load_address>
         <run_address>0x80011270</run_address>
         <size>0x1000</size>
         <input_file_ref idref="fl-6"/>
      </object_component>
      <object_component id="oc-55">
         <name>.data</name>
         <load_address>0x80010270</load_address>
         <run_address>0x80010270</run_address>
         <size>0x1000</size>
         <input_file_ref idref="fl-6"/>
      </object_component>
      <object_component id="oc-7c">
         <name>.bss</name>
         <uninitialized>true</uninitialized>
         <run_address>0x80012470</run_address>
         <size>0x1</size>
         <input_file_ref idref="fl-18"/>
      </object_component>
      <object_component id="oc-b3">
         <name>.bss:fnRAMVectors</name>
         <uninitialized>true</uninitialized>
         <run_address>0x80012270</run_address>
         <size>0x200</size>
         <input_file_ref idref="fl-20"/>
      </object_component>
      <object_component id="oc-ce">
         <name>.data</name>
         <load_address>0x800124d8</load_address>
         <run_address>0x800124d8</run_address>
         <size>0x4</size>
         <input_file_ref idref="fl-24"/>
      </object_component>
      <object_component id="oc-db">
         <name>.data</name>
         <load_address>0x800124d0</load_address>
         <run_address>0x800124d0</run_address>
         <size>0x8</size>
         <input_file_ref idref="fl-26"/>
      </object_component>
      <object_component id="oc-e5">
         <name>.data</name>
         <load_address>0x800124dc</load_address>
         <run_address>0x800124dc</run_address>
         <size>0x4</size>
         <input_file_ref idref="fl-28"/>
      </object_component>
      <object_component id="oc-f3">
         <name>.data</name>
         <load_address>0x800124c8</load_address>
         <run_address>0x800124c8</run_address>
         <size>0x8</size>
         <input_file_ref idref="fl-2a"/>
      </object_component>
      <object_component id="oc-124">
         <name>.debug_info</name>
         <load_address>0x0</load_address>
         <run_address>0x0</run_address>
         <size>0x135</size>
         <input_file_ref idref="fl-2"/>
      </object_component>
      <object_component id="oc-45">
         <name>.debug_info</name>
         <load_address>0x135</load_address>
         <run_address>0x135</run_address>
         <size>0x483</size>
         <input_file_ref idref="fl-2"/>
      </object_component>
      <object_component id="oc-11f">
         <name>.debug_info</name>
         <load_address>0x5b8</load_address>
         <run_address>0x5b8</run_address>
         <size>0x84</size>
         <input_file_ref idref="fl-2"/>
      </object_component>
      <object_component id="oc-18a">
         <name>.debug_info</name>
         <load_address>0x63c</load_address>
         <run_address>0x63c</run_address>
         <size>0x2c</size>
         <input_file_ref idref="fl-2"/>
      </object_component>
      <object_component id="oc-126">
         <name>.debug_info</name>
         <load_address>0x668</load_address>
         <run_address>0x668</run_address>
         <size>0x425</size>
         <input_file_ref idref="fl-3"/>
      </object_component>
      <object_component id="oc-4b">
         <name>.debug_info</name>
         <load_address>0xa8d</load_address>
         <run_address>0xa8d</run_address>
         <size>0xda5</size>
         <input_file_ref idref="fl-3"/>
      </object_component>
      <object_component id="oc-195">
         <name>.debug_info</name>
         <load_address>0x1832</load_address>
         <run_address>0x1832</run_address>
         <size>0xba</size>
         <input_file_ref idref="fl-3"/>
      </object_component>
      <object_component id="oc-10f">
         <name>.debug_info</name>
         <load_address>0x18ec</load_address>
         <run_address>0x18ec</run_address>
         <size>0x10f</size>
         <input_file_ref idref="fl-13"/>
      </object_component>
      <object_component id="oc-35">
         <name>.debug_info</name>
         <load_address>0x19fb</load_address>
         <run_address>0x19fb</run_address>
         <size>0x1ae</size>
         <input_file_ref idref="fl-13"/>
      </object_component>
      <object_component id="oc-10a">
         <name>.debug_info</name>
         <load_address>0x1ba9</load_address>
         <run_address>0x1ba9</run_address>
         <size>0x46</size>
         <input_file_ref idref="fl-13"/>
      </object_component>
      <object_component id="oc-181">
         <name>.debug_info</name>
         <load_address>0x1bef</load_address>
         <run_address>0x1bef</run_address>
         <size>0x2c</size>
         <input_file_ref idref="fl-13"/>
      </object_component>
      <object_component id="oc-111">
         <name>.debug_info</name>
         <load_address>0x1c1b</load_address>
         <run_address>0x1c1b</run_address>
         <size>0x103</size>
         <input_file_ref idref="fl-14"/>
      </object_component>
      <object_component id="oc-60">
         <name>.debug_info</name>
         <load_address>0x1d1e</load_address>
         <run_address>0x1d1e</run_address>
         <size>0x216</size>
         <input_file_ref idref="fl-14"/>
      </object_component>
      <object_component id="oc-39">
         <name>.debug_info</name>
         <load_address>0x1f34</load_address>
         <run_address>0x1f34</run_address>
         <size>0x180</size>
         <input_file_ref idref="fl-14"/>
      </object_component>
      <object_component id="oc-66">
         <name>.debug_info</name>
         <load_address>0x20b4</load_address>
         <run_address>0x20b4</run_address>
         <size>0x17c</size>
         <input_file_ref idref="fl-14"/>
      </object_component>
      <object_component id="oc-112">
         <name>.debug_info</name>
         <load_address>0x2230</load_address>
         <run_address>0x2230</run_address>
         <size>0x39</size>
         <input_file_ref idref="fl-14"/>
      </object_component>
      <object_component id="oc-11d">
         <name>.debug_info</name>
         <load_address>0x2269</load_address>
         <run_address>0x2269</run_address>
         <size>0xfe</size>
         <input_file_ref idref="fl-15"/>
      </object_component>
      <object_component id="oc-3f">
         <name>.debug_info</name>
         <load_address>0x2367</load_address>
         <run_address>0x2367</run_address>
         <size>0x179</size>
         <input_file_ref idref="fl-15"/>
      </object_component>
      <object_component id="oc-118">
         <name>.debug_info</name>
         <load_address>0x24e0</load_address>
         <run_address>0x24e0</run_address>
         <size>0x46</size>
         <input_file_ref idref="fl-15"/>
      </object_component>
      <object_component id="oc-6d">
         <name>.debug_info</name>
         <load_address>0x2526</load_address>
         <run_address>0x2526</run_address>
         <size>0x14f</size>
         <input_file_ref idref="fl-16"/>
      </object_component>
      <object_component id="oc-73">
         <name>.debug_info</name>
         <load_address>0x2675</load_address>
         <run_address>0x2675</run_address>
         <size>0x117</size>
         <input_file_ref idref="fl-17"/>
      </object_component>
      <object_component id="oc-131">
         <name>.debug_info</name>
         <load_address>0x278c</load_address>
         <run_address>0x278c</run_address>
         <size>0x1da</size>
         <input_file_ref idref="fl-18"/>
      </object_component>
      <object_component id="oc-7d">
         <name>.debug_info</name>
         <load_address>0x2966</load_address>
         <run_address>0x2966</run_address>
         <size>0xd0</size>
         <input_file_ref idref="fl-18"/>
      </object_component>
      <object_component id="oc-79">
         <name>.debug_info</name>
         <load_address>0x2a36</load_address>
         <run_address>0x2a36</run_address>
         <size>0x656</size>
         <input_file_ref idref="fl-18"/>
      </object_component>
      <object_component id="oc-137">
         <name>.debug_info</name>
         <load_address>0x308c</load_address>
         <run_address>0x308c</run_address>
         <size>0x90</size>
         <input_file_ref idref="fl-18"/>
      </object_component>
      <object_component id="oc-132">
         <name>.debug_info</name>
         <load_address>0x311c</load_address>
         <run_address>0x311c</run_address>
         <size>0x4e</size>
         <input_file_ref idref="fl-18"/>
      </object_component>
      <object_component id="oc-12c">
         <name>.debug_info</name>
         <load_address>0x316a</load_address>
         <run_address>0x316a</run_address>
         <size>0x48</size>
         <input_file_ref idref="fl-18"/>
      </object_component>
      <object_component id="oc-13f">
         <name>.debug_info</name>
         <load_address>0x31b2</load_address>
         <run_address>0x31b2</run_address>
         <size>0x1e4</size>
         <input_file_ref idref="fl-19"/>
      </object_component>
      <object_component id="oc-86">
         <name>.debug_info</name>
         <load_address>0x3396</load_address>
         <run_address>0x3396</run_address>
         <size>0xc5</size>
         <input_file_ref idref="fl-19"/>
      </object_component>
      <object_component id="oc-80">
         <name>.debug_info</name>
         <load_address>0x345b</load_address>
         <run_address>0x345b</run_address>
         <size>0x2652</size>
         <input_file_ref idref="fl-19"/>
      </object_component>
      <object_component id="oc-148">
         <name>.debug_info</name>
         <load_address>0x5aad</load_address>
         <run_address>0x5aad</run_address>
         <size>0xbe</size>
         <input_file_ref idref="fl-1a"/>
      </object_component>
      <object_component id="oc-8a">
         <name>.debug_info</name>
         <load_address>0x5b6b</load_address>
         <run_address>0x5b6b</run_address>
         <size>0x871</size>
         <input_file_ref idref="fl-1a"/>
      </object_component>
      <object_component id="oc-143">
         <name>.debug_info</name>
         <load_address>0x63dc</load_address>
         <run_address>0x63dc</run_address>
         <size>0x89</size>
         <input_file_ref idref="fl-1a"/>
      </object_component>
      <object_component id="oc-2e">
         <name>.debug_info</name>
         <load_address>0x6465</load_address>
         <run_address>0x6465</run_address>
         <size>0x127</size>
         <input_file_ref idref="fl-1b"/>
      </object_component>
      <object_component id="oc-151">
         <name>.debug_info</name>
         <load_address>0x658c</load_address>
         <run_address>0x658c</run_address>
         <size>0x1e3</size>
         <input_file_ref idref="fl-1c"/>
      </object_component>
      <object_component id="oc-97">
         <name>.debug_info</name>
         <load_address>0x676f</load_address>
         <run_address>0x676f</run_address>
         <size>0xff</size>
         <input_file_ref idref="fl-1c"/>
      </object_component>
      <object_component id="oc-9a">
         <name>.debug_info</name>
         <load_address>0x686e</load_address>
         <run_address>0x686e</run_address>
         <size>0xe6</size>
         <input_file_ref idref="fl-1c"/>
      </object_component>
      <object_component id="oc-91">
         <name>.debug_info</name>
         <load_address>0x6954</load_address>
         <run_address>0x6954</run_address>
         <size>0x2f9</size>
         <input_file_ref idref="fl-1c"/>
      </object_component>
      <object_component id="oc-14a">
         <name>.debug_info</name>
         <load_address>0x6c4d</load_address>
         <run_address>0x6c4d</run_address>
         <size>0x89</size>
         <input_file_ref idref="fl-1c"/>
      </object_component>
      <object_component id="oc-9d">
         <name>.debug_info</name>
         <load_address>0x6cd6</load_address>
         <run_address>0x6cd6</run_address>
         <size>0x142</size>
         <input_file_ref idref="fl-1d"/>
      </object_component>
      <object_component id="oc-a2">
         <name>.debug_info</name>
         <load_address>0x6e18</load_address>
         <run_address>0x6e18</run_address>
         <size>0x42e</size>
         <input_file_ref idref="fl-1e"/>
      </object_component>
      <object_component id="oc-a9">
         <name>.debug_info</name>
         <load_address>0x7246</load_address>
         <run_address>0x7246</run_address>
         <size>0x22c</size>
         <input_file_ref idref="fl-1f"/>
      </object_component>
      <object_component id="oc-158">
         <name>.debug_info</name>
         <load_address>0x7472</load_address>
         <run_address>0x7472</run_address>
         <size>0x174</size>
         <input_file_ref idref="fl-20"/>
      </object_component>
      <object_component id="oc-b4">
         <name>.debug_info</name>
         <load_address>0x75e6</load_address>
         <run_address>0x75e6</run_address>
         <size>0xf5</size>
         <input_file_ref idref="fl-20"/>
      </object_component>
      <object_component id="oc-ae">
         <name>.debug_info</name>
         <load_address>0x76db</load_address>
         <run_address>0x76db</run_address>
         <size>0x1478</size>
         <input_file_ref idref="fl-20"/>
      </object_component>
      <object_component id="oc-161">
         <name>.debug_info</name>
         <load_address>0x8b53</load_address>
         <run_address>0x8b53</run_address>
         <size>0x3ea</size>
         <input_file_ref idref="fl-21"/>
      </object_component>
      <object_component id="oc-b7">
         <name>.debug_info</name>
         <load_address>0x8f3d</load_address>
         <run_address>0x8f3d</run_address>
         <size>0x6f8</size>
         <input_file_ref idref="fl-21"/>
      </object_component>
      <object_component id="oc-15c">
         <name>.debug_info</name>
         <load_address>0x9635</load_address>
         <run_address>0x9635</run_address>
         <size>0x89</size>
         <input_file_ref idref="fl-21"/>
      </object_component>
      <object_component id="oc-1a6">
         <name>.debug_info</name>
         <load_address>0x96be</load_address>
         <run_address>0x96be</run_address>
         <size>0xba</size>
         <input_file_ref idref="fl-21"/>
      </object_component>
      <object_component id="oc-163">
         <name>.debug_info</name>
         <load_address>0x9778</load_address>
         <run_address>0x9778</run_address>
         <size>0xdf</size>
         <input_file_ref idref="fl-22"/>
      </object_component>
      <object_component id="oc-bd">
         <name>.debug_info</name>
         <load_address>0x9857</load_address>
         <run_address>0x9857</run_address>
         <size>0xa76</size>
         <input_file_ref idref="fl-22"/>
      </object_component>
      <object_component id="oc-165">
         <name>.debug_info</name>
         <load_address>0xa2cd</load_address>
         <run_address>0xa2cd</run_address>
         <size>0x28c</size>
         <input_file_ref idref="fl-23"/>
      </object_component>
      <object_component id="oc-c5">
         <name>.debug_info</name>
         <load_address>0xa559</load_address>
         <run_address>0xa559</run_address>
         <size>0x146</size>
         <input_file_ref idref="fl-23"/>
      </object_component>
      <object_component id="oc-1af">
         <name>.debug_info</name>
         <load_address>0xa69f</load_address>
         <run_address>0xa69f</run_address>
         <size>0x39</size>
         <input_file_ref idref="fl-23"/>
      </object_component>
      <object_component id="oc-1b4">
         <name>.debug_info</name>
         <load_address>0xa6d8</load_address>
         <run_address>0xa6d8</run_address>
         <size>0xcd</size>
         <input_file_ref idref="fl-23"/>
      </object_component>
      <object_component id="oc-c9">
         <name>.debug_info</name>
         <load_address>0xa7a5</load_address>
         <run_address>0xa7a5</run_address>
         <size>0x122</size>
         <input_file_ref idref="fl-24"/>
      </object_component>
      <object_component id="oc-168">
         <name>.debug_info</name>
         <load_address>0xa8c7</load_address>
         <run_address>0xa8c7</run_address>
         <size>0x1af</size>
         <input_file_ref idref="fl-25"/>
      </object_component>
      <object_component id="oc-d0">
         <name>.debug_info</name>
         <load_address>0xaa76</load_address>
         <run_address>0xaa76</run_address>
         <size>0x152</size>
         <input_file_ref idref="fl-25"/>
      </object_component>
      <object_component id="oc-1bb">
         <name>.debug_info</name>
         <load_address>0xabc8</load_address>
         <run_address>0xabc8</run_address>
         <size>0x2c</size>
         <input_file_ref idref="fl-25"/>
      </object_component>
      <object_component id="oc-16a">
         <name>.debug_info</name>
         <load_address>0xabf4</load_address>
         <run_address>0xabf4</run_address>
         <size>0x160</size>
         <input_file_ref idref="fl-26"/>
      </object_component>
      <object_component id="oc-dc">
         <name>.debug_info</name>
         <load_address>0xad54</load_address>
         <run_address>0xad54</run_address>
         <size>0x105</size>
         <input_file_ref idref="fl-26"/>
      </object_component>
      <object_component id="oc-d9">
         <name>.debug_info</name>
         <load_address>0xae59</load_address>
         <run_address>0xae59</run_address>
         <size>0x1dc</size>
         <input_file_ref idref="fl-26"/>
      </object_component>
      <object_component id="oc-df">
         <name>.debug_info</name>
         <load_address>0xb035</load_address>
         <run_address>0xb035</run_address>
         <size>0x117</size>
         <input_file_ref idref="fl-27"/>
      </object_component>
      <object_component id="oc-e6">
         <name>.debug_info</name>
         <load_address>0xb14c</load_address>
         <run_address>0xb14c</run_address>
         <size>0xd8</size>
         <input_file_ref idref="fl-28"/>
      </object_component>
      <object_component id="oc-ea">
         <name>.debug_info</name>
         <load_address>0xb224</load_address>
         <run_address>0xb224</run_address>
         <size>0x113</size>
         <input_file_ref idref="fl-29"/>
      </object_component>
      <object_component id="oc-173">
         <name>.debug_info</name>
         <load_address>0xb337</load_address>
         <run_address>0xb337</run_address>
         <size>0xf3</size>
         <input_file_ref idref="fl-2a"/>
      </object_component>
      <object_component id="oc-f4">
         <name>.debug_info</name>
         <load_address>0xb42a</load_address>
         <run_address>0xb42a</run_address>
         <size>0xe2</size>
         <input_file_ref idref="fl-2a"/>
      </object_component>
      <object_component id="oc-ee">
         <name>.debug_info</name>
         <load_address>0xb50c</load_address>
         <run_address>0xb50c</run_address>
         <size>0x1ee</size>
         <input_file_ref idref="fl-2a"/>
      </object_component>
      <object_component id="oc-178">
         <name>.debug_info</name>
         <load_address>0xb6fa</load_address>
         <run_address>0xb6fa</run_address>
         <size>0x135</size>
         <input_file_ref idref="fl-2b"/>
      </object_component>
      <object_component id="oc-f7">
         <name>.debug_info</name>
         <load_address>0xb82f</load_address>
         <run_address>0xb82f</run_address>
         <size>0x136</size>
         <input_file_ref idref="fl-2b"/>
      </object_component>
      <object_component id="oc-1c6">
         <name>.debug_info</name>
         <load_address>0xb965</load_address>
         <run_address>0xb965</run_address>
         <size>0x5e</size>
         <input_file_ref idref="fl-2b"/>
      </object_component>
      <object_component id="oc-fd">
         <name>.debug_info</name>
         <load_address>0xb9c3</load_address>
         <run_address>0xb9c3</run_address>
         <size>0x116</size>
         <input_file_ref idref="fl-2c"/>
      </object_component>
      <object_component id="oc-180">
         <name>.debug_info</name>
         <load_address>0xbad9</load_address>
         <run_address>0xbad9</run_address>
         <size>0xd1</size>
         <input_file_ref idref="fl-2d"/>
      </object_component>
      <object_component id="oc-103">
         <name>.debug_info</name>
         <load_address>0xbbaa</load_address>
         <run_address>0xbbaa</run_address>
         <size>0x507c</size>
         <input_file_ref idref="fl-2d"/>
      </object_component>
      <object_component id="oc-17b">
         <name>.debug_info</name>
         <load_address>0x10c26</load_address>
         <run_address>0x10c26</run_address>
         <size>0x89</size>
         <input_file_ref idref="fl-2d"/>
      </object_component>
      <object_component id="oc-220">
         <name>.debug_info</name>
         <load_address>0x10caf</load_address>
         <run_address>0x10caf</run_address>
         <size>0xf8</size>
      </object_component>
      <object_component id="oc-192">
         <name>.debug_line</name>
         <load_address>0x0</load_address>
         <run_address>0x0</run_address>
         <size>0x66</size>
         <input_file_ref idref="fl-2"/>
      </object_component>
      <object_component id="oc-48">
         <name>.debug_line</name>
         <load_address>0x66</load_address>
         <run_address>0x66</run_address>
         <size>0xfb</size>
         <input_file_ref idref="fl-2"/>
      </object_component>
      <object_component id="oc-122">
         <name>.debug_line</name>
         <load_address>0x161</load_address>
         <run_address>0x161</run_address>
         <size>0x20</size>
         <input_file_ref idref="fl-2"/>
      </object_component>
      <object_component id="oc-18d">
         <name>.debug_line</name>
         <load_address>0x181</load_address>
         <run_address>0x181</run_address>
         <size>0x66</size>
         <input_file_ref idref="fl-2"/>
      </object_component>
      <object_component id="oc-194">
         <name>.debug_line</name>
         <load_address>0x1e7</load_address>
         <run_address>0x1e7</run_address>
         <size>0x81</size>
         <input_file_ref idref="fl-3"/>
      </object_component>
      <object_component id="oc-4e">
         <name>.debug_line</name>
         <load_address>0x268</load_address>
         <run_address>0x268</run_address>
         <size>0x1fc</size>
         <input_file_ref idref="fl-3"/>
      </object_component>
      <object_component id="oc-198">
         <name>.debug_line</name>
         <load_address>0x464</load_address>
         <run_address>0x464</run_address>
         <size>0x6b</size>
         <input_file_ref idref="fl-3"/>
      </object_component>
      <object_component id="oc-187">
         <name>.debug_line</name>
         <load_address>0x4cf</load_address>
         <run_address>0x4cf</run_address>
         <size>0x60</size>
         <input_file_ref idref="fl-13"/>
      </object_component>
      <object_component id="oc-37">
         <name>.debug_line</name>
         <load_address>0x52f</load_address>
         <run_address>0x52f</run_address>
         <size>0x52</size>
         <input_file_ref idref="fl-13"/>
      </object_component>
      <object_component id="oc-10d">
         <name>.debug_line</name>
         <load_address>0x581</load_address>
         <run_address>0x581</run_address>
         <size>0x3a</size>
         <input_file_ref idref="fl-13"/>
      </object_component>
      <object_component id="oc-184">
         <name>.debug_line</name>
         <load_address>0x5bb</load_address>
         <run_address>0x5bb</run_address>
         <size>0x60</size>
         <input_file_ref idref="fl-13"/>
      </object_component>
      <object_component id="oc-189">
         <name>.debug_line</name>
         <load_address>0x61b</load_address>
         <run_address>0x61b</run_address>
         <size>0x60</size>
         <input_file_ref idref="fl-14"/>
      </object_component>
      <object_component id="oc-63">
         <name>.debug_line</name>
         <load_address>0x67b</load_address>
         <run_address>0x67b</run_address>
         <size>0x87</size>
         <input_file_ref idref="fl-14"/>
      </object_component>
      <object_component id="oc-3c">
         <name>.debug_line</name>
         <load_address>0x702</load_address>
         <run_address>0x702</run_address>
         <size>0x4b</size>
         <input_file_ref idref="fl-14"/>
      </object_component>
      <object_component id="oc-69">
         <name>.debug_line</name>
         <load_address>0x74d</load_address>
         <run_address>0x74d</run_address>
         <size>0x4b</size>
         <input_file_ref idref="fl-14"/>
      </object_component>
      <object_component id="oc-115">
         <name>.debug_line</name>
         <load_address>0x798</load_address>
         <run_address>0x798</run_address>
         <size>0x39</size>
         <input_file_ref idref="fl-14"/>
      </object_component>
      <object_component id="oc-190">
         <name>.debug_line</name>
         <load_address>0x7d1</load_address>
         <run_address>0x7d1</run_address>
         <size>0x60</size>
         <input_file_ref idref="fl-15"/>
      </object_component>
      <object_component id="oc-42">
         <name>.debug_line</name>
         <load_address>0x831</load_address>
         <run_address>0x831</run_address>
         <size>0x4f</size>
         <input_file_ref idref="fl-15"/>
      </object_component>
      <object_component id="oc-11b">
         <name>.debug_line</name>
         <load_address>0x880</load_address>
         <run_address>0x880</run_address>
         <size>0x34</size>
         <input_file_ref idref="fl-15"/>
      </object_component>
      <object_component id="oc-70">
         <name>.debug_line</name>
         <load_address>0x8b4</load_address>
         <run_address>0x8b4</run_address>
         <size>0x9a</size>
         <input_file_ref idref="fl-16"/>
      </object_component>
      <object_component id="oc-75">
         <name>.debug_line</name>
         <load_address>0x94e</load_address>
         <run_address>0x94e</run_address>
         <size>0x73</size>
         <input_file_ref idref="fl-17"/>
      </object_component>
      <object_component id="oc-19b">
         <name>.debug_line</name>
         <load_address>0x9c1</load_address>
         <run_address>0x9c1</run_address>
         <size>0x46</size>
         <input_file_ref idref="fl-18"/>
      </object_component>
      <object_component id="oc-13d">
         <name>.debug_line</name>
         <load_address>0xa07</load_address>
         <run_address>0xa07</run_address>
         <size>0x3b</size>
         <input_file_ref idref="fl-18"/>
      </object_component>
      <object_component id="oc-78">
         <name>.debug_line</name>
         <load_address>0xa42</load_address>
         <run_address>0xa42</run_address>
         <size>0x122</size>
         <input_file_ref idref="fl-18"/>
      </object_component>
      <object_component id="oc-13a">
         <name>.debug_line</name>
         <load_address>0xb64</load_address>
         <run_address>0xb64</run_address>
         <size>0x20</size>
         <input_file_ref idref="fl-18"/>
      </object_component>
      <object_component id="oc-135">
         <name>.debug_line</name>
         <load_address>0xb84</load_address>
         <run_address>0xb84</run_address>
         <size>0x6c</size>
         <input_file_ref idref="fl-18"/>
      </object_component>
      <object_component id="oc-12f">
         <name>.debug_line</name>
         <load_address>0xbf0</load_address>
         <run_address>0xbf0</run_address>
         <size>0x49</size>
         <input_file_ref idref="fl-18"/>
      </object_component>
      <object_component id="oc-19d">
         <name>.debug_line</name>
         <load_address>0xc39</load_address>
         <run_address>0xc39</run_address>
         <size>0x5a</size>
         <input_file_ref idref="fl-19"/>
      </object_component>
      <object_component id="oc-141">
         <name>.debug_line</name>
         <load_address>0xc93</load_address>
         <run_address>0xc93</run_address>
         <size>0x38</size>
         <input_file_ref idref="fl-19"/>
      </object_component>
      <object_component id="oc-83">
         <name>.debug_line</name>
         <load_address>0xccb</load_address>
         <run_address>0xccb</run_address>
         <size>0x7dc</size>
         <input_file_ref idref="fl-19"/>
      </object_component>
      <object_component id="oc-19f">
         <name>.debug_line</name>
         <load_address>0x14a7</load_address>
         <run_address>0x14a7</run_address>
         <size>0x20</size>
         <input_file_ref idref="fl-1a"/>
      </object_component>
      <object_component id="oc-8d">
         <name>.debug_line</name>
         <load_address>0x14c7</load_address>
         <run_address>0x14c7</run_address>
         <size>0x1a1</size>
         <input_file_ref idref="fl-1a"/>
      </object_component>
      <object_component id="oc-146">
         <name>.debug_line</name>
         <load_address>0x1668</load_address>
         <run_address>0x1668</run_address>
         <size>0x20</size>
         <input_file_ref idref="fl-1a"/>
      </object_component>
      <object_component id="oc-31">
         <name>.debug_line</name>
         <load_address>0x1688</load_address>
         <run_address>0x1688</run_address>
         <size>0x82</size>
         <input_file_ref idref="fl-1b"/>
      </object_component>
      <object_component id="oc-1a1">
         <name>.debug_line</name>
         <load_address>0x170a</load_address>
         <run_address>0x170a</run_address>
         <size>0x77</size>
         <input_file_ref idref="fl-1c"/>
      </object_component>
      <object_component id="oc-150">
         <name>.debug_line</name>
         <load_address>0x1781</load_address>
         <run_address>0x1781</run_address>
         <size>0x4c</size>
         <input_file_ref idref="fl-1c"/>
      </object_component>
      <object_component id="oc-153">
         <name>.debug_line</name>
         <load_address>0x17cd</load_address>
         <run_address>0x17cd</run_address>
         <size>0x4c</size>
         <input_file_ref idref="fl-1c"/>
      </object_component>
      <object_component id="oc-94">
         <name>.debug_line</name>
         <load_address>0x1819</load_address>
         <run_address>0x1819</run_address>
         <size>0x86</size>
         <input_file_ref idref="fl-1c"/>
      </object_component>
      <object_component id="oc-14d">
         <name>.debug_line</name>
         <load_address>0x189f</load_address>
         <run_address>0x189f</run_address>
         <size>0x20</size>
         <input_file_ref idref="fl-1c"/>
      </object_component>
      <object_component id="oc-a0">
         <name>.debug_line</name>
         <load_address>0x18bf</load_address>
         <run_address>0x18bf</run_address>
         <size>0xa1</size>
         <input_file_ref idref="fl-1d"/>
      </object_component>
      <object_component id="oc-a5">
         <name>.debug_line</name>
         <load_address>0x1960</load_address>
         <run_address>0x1960</run_address>
         <size>0xd4</size>
         <input_file_ref idref="fl-1e"/>
      </object_component>
      <object_component id="oc-ac">
         <name>.debug_line</name>
         <load_address>0x1a34</load_address>
         <run_address>0x1a34</run_address>
         <size>0x174</size>
         <input_file_ref idref="fl-1f"/>
      </object_component>
      <object_component id="oc-1a3">
         <name>.debug_line</name>
         <load_address>0x1ba8</load_address>
         <run_address>0x1ba8</run_address>
         <size>0x4a</size>
         <input_file_ref idref="fl-20"/>
      </object_component>
      <object_component id="oc-15a">
         <name>.debug_line</name>
         <load_address>0x1bf2</load_address>
         <run_address>0x1bf2</run_address>
         <size>0x4e</size>
         <input_file_ref idref="fl-20"/>
      </object_component>
      <object_component id="oc-b1">
         <name>.debug_line</name>
         <load_address>0x1c40</load_address>
         <run_address>0x1c40</run_address>
         <size>0x2d2</size>
         <input_file_ref idref="fl-20"/>
      </object_component>
      <object_component id="oc-1a5">
         <name>.debug_line</name>
         <load_address>0x1f12</load_address>
         <run_address>0x1f12</run_address>
         <size>0x8b</size>
         <input_file_ref idref="fl-21"/>
      </object_component>
      <object_component id="oc-ba">
         <name>.debug_line</name>
         <load_address>0x1f9d</load_address>
         <run_address>0x1f9d</run_address>
         <size>0xe7</size>
         <input_file_ref idref="fl-21"/>
      </object_component>
      <object_component id="oc-15f">
         <name>.debug_line</name>
         <load_address>0x2084</load_address>
         <run_address>0x2084</run_address>
         <size>0x20</size>
         <input_file_ref idref="fl-21"/>
      </object_component>
      <object_component id="oc-1a9">
         <name>.debug_line</name>
         <load_address>0x20a4</load_address>
         <run_address>0x20a4</run_address>
         <size>0x5b</size>
         <input_file_ref idref="fl-21"/>
      </object_component>
      <object_component id="oc-1ac">
         <name>.debug_line</name>
         <load_address>0x20ff</load_address>
         <run_address>0x20ff</run_address>
         <size>0x20</size>
         <input_file_ref idref="fl-22"/>
      </object_component>
      <object_component id="oc-c0">
         <name>.debug_line</name>
         <load_address>0x211f</load_address>
         <run_address>0x211f</run_address>
         <size>0xb0</size>
         <input_file_ref idref="fl-22"/>
      </object_component>
      <object_component id="oc-1ae">
         <name>.debug_line</name>
         <load_address>0x21cf</load_address>
         <run_address>0x21cf</run_address>
         <size>0x6f</size>
         <input_file_ref idref="fl-23"/>
      </object_component>
      <object_component id="oc-c3">
         <name>.debug_line</name>
         <load_address>0x223e</load_address>
         <run_address>0x223e</run_address>
         <size>0x75</size>
         <input_file_ref idref="fl-23"/>
      </object_component>
      <object_component id="oc-1b2">
         <name>.debug_line</name>
         <load_address>0x22b3</load_address>
         <run_address>0x22b3</run_address>
         <size>0x2e</size>
         <input_file_ref idref="fl-23"/>
      </object_component>
      <object_component id="oc-1b7">
         <name>.debug_line</name>
         <load_address>0x22e1</load_address>
         <run_address>0x22e1</run_address>
         <size>0x61</size>
         <input_file_ref idref="fl-23"/>
      </object_component>
      <object_component id="oc-cc">
         <name>.debug_line</name>
         <load_address>0x2342</load_address>
         <run_address>0x2342</run_address>
         <size>0x4b</size>
         <input_file_ref idref="fl-24"/>
      </object_component>
      <object_component id="oc-1ba">
         <name>.debug_line</name>
         <load_address>0x238d</load_address>
         <run_address>0x238d</run_address>
         <size>0x6e</size>
         <input_file_ref idref="fl-25"/>
      </object_component>
      <object_component id="oc-d3">
         <name>.debug_line</name>
         <load_address>0x23fb</load_address>
         <run_address>0x23fb</run_address>
         <size>0x70</size>
         <input_file_ref idref="fl-25"/>
      </object_component>
      <object_component id="oc-1be">
         <name>.debug_line</name>
         <load_address>0x246b</load_address>
         <run_address>0x246b</run_address>
         <size>0x2e</size>
         <input_file_ref idref="fl-25"/>
      </object_component>
      <object_component id="oc-1c1">
         <name>.debug_line</name>
         <load_address>0x2499</load_address>
         <run_address>0x2499</run_address>
         <size>0x5f</size>
         <input_file_ref idref="fl-26"/>
      </object_component>
      <object_component id="oc-16d">
         <name>.debug_line</name>
         <load_address>0x24f8</load_address>
         <run_address>0x24f8</run_address>
         <size>0x2a</size>
         <input_file_ref idref="fl-26"/>
      </object_component>
      <object_component id="oc-d8">
         <name>.debug_line</name>
         <load_address>0x2522</load_address>
         <run_address>0x2522</run_address>
         <size>0x80</size>
         <input_file_ref idref="fl-26"/>
      </object_component>
      <object_component id="oc-e2">
         <name>.debug_line</name>
         <load_address>0x25a2</load_address>
         <run_address>0x25a2</run_address>
         <size>0x40</size>
         <input_file_ref idref="fl-27"/>
      </object_component>
      <object_component id="oc-170">
         <name>.debug_line</name>
         <load_address>0x25e2</load_address>
         <run_address>0x25e2</run_address>
         <size>0x33</size>
         <input_file_ref idref="fl-28"/>
      </object_component>
      <object_component id="oc-e9">
         <name>.debug_line</name>
         <load_address>0x2615</load_address>
         <run_address>0x2615</run_address>
         <size>0x75</size>
         <input_file_ref idref="fl-29"/>
      </object_component>
      <object_component id="oc-1c3">
         <name>.debug_line</name>
         <load_address>0x268a</load_address>
         <run_address>0x268a</run_address>
         <size>0x20</size>
         <input_file_ref idref="fl-2a"/>
      </object_component>
      <object_component id="oc-176">
         <name>.debug_line</name>
         <load_address>0x26aa</load_address>
         <run_address>0x26aa</run_address>
         <size>0x2b</size>
         <input_file_ref idref="fl-2a"/>
      </object_component>
      <object_component id="oc-f1">
         <name>.debug_line</name>
         <load_address>0x26d5</load_address>
         <run_address>0x26d5</run_address>
         <size>0x64</size>
         <input_file_ref idref="fl-2a"/>
      </object_component>
      <object_component id="oc-1c5">
         <name>.debug_line</name>
         <load_address>0x2739</load_address>
         <run_address>0x2739</run_address>
         <size>0x2b</size>
         <input_file_ref idref="fl-2b"/>
      </object_component>
      <object_component id="oc-fa">
         <name>.debug_line</name>
         <load_address>0x2764</load_address>
         <run_address>0x2764</run_address>
         <size>0x53</size>
         <input_file_ref idref="fl-2b"/>
      </object_component>
      <object_component id="oc-1c9">
         <name>.debug_line</name>
         <load_address>0x27b7</load_address>
         <run_address>0x27b7</run_address>
         <size>0x2b</size>
         <input_file_ref idref="fl-2b"/>
      </object_component>
      <object_component id="oc-100">
         <name>.debug_line</name>
         <load_address>0x27e2</load_address>
         <run_address>0x27e2</run_address>
         <size>0x3b</size>
         <input_file_ref idref="fl-2c"/>
      </object_component>
      <object_component id="oc-1cc">
         <name>.debug_line</name>
         <load_address>0x281d</load_address>
         <run_address>0x281d</run_address>
         <size>0x20</size>
         <input_file_ref idref="fl-2d"/>
      </object_component>
      <object_component id="oc-106">
         <name>.debug_line</name>
         <load_address>0x283d</load_address>
         <run_address>0x283d</run_address>
         <size>0xa0b</size>
         <input_file_ref idref="fl-2d"/>
      </object_component>
      <object_component id="oc-17e">
         <name>.debug_line</name>
         <load_address>0x3248</load_address>
         <run_address>0x3248</run_address>
         <size>0x20</size>
         <input_file_ref idref="fl-2d"/>
      </object_component>
      <object_component id="oc-49">
         <name>.debug_frame</name>
         <load_address>0x0</load_address>
         <run_address>0x0</run_address>
         <size>0x9b</size>
         <input_file_ref idref="fl-2"/>
      </object_component>
      <object_component id="oc-4f">
         <name>.debug_frame</name>
         <load_address>0x9b</load_address>
         <run_address>0x9b</run_address>
         <size>0x108</size>
         <input_file_ref idref="fl-3"/>
      </object_component>
      <object_component id="oc-33">
         <name>.debug_frame</name>
         <load_address>0x1a3</load_address>
         <run_address>0x1a3</run_address>
         <size>0x3f</size>
         <input_file_ref idref="fl-13"/>
      </object_component>
      <object_component id="oc-64">
         <name>.debug_frame</name>
         <load_address>0x1e2</load_address>
         <run_address>0x1e2</run_address>
         <size>0x4e</size>
         <input_file_ref idref="fl-14"/>
      </object_component>
      <object_component id="oc-3d">
         <name>.debug_frame</name>
         <load_address>0x230</load_address>
         <run_address>0x230</run_address>
         <size>0x3f</size>
         <input_file_ref idref="fl-14"/>
      </object_component>
      <object_component id="oc-6a">
         <name>.debug_frame</name>
         <load_address>0x26f</load_address>
         <run_address>0x26f</run_address>
         <size>0x3f</size>
         <input_file_ref idref="fl-14"/>
      </object_component>
      <object_component id="oc-43">
         <name>.debug_frame</name>
         <load_address>0x2ae</load_address>
         <run_address>0x2ae</run_address>
         <size>0x3f</size>
         <input_file_ref idref="fl-15"/>
      </object_component>
      <object_component id="oc-77">
         <name>.debug_frame</name>
         <load_address>0x2ed</load_address>
         <run_address>0x2ed</run_address>
         <size>0xdb</size>
         <input_file_ref idref="fl-18"/>
      </object_component>
      <object_component id="oc-84">
         <name>.debug_frame</name>
         <load_address>0x3c8</load_address>
         <run_address>0x3c8</run_address>
         <size>0x1a4</size>
         <input_file_ref idref="fl-19"/>
      </object_component>
      <object_component id="oc-8e">
         <name>.debug_frame</name>
         <load_address>0x56c</load_address>
         <run_address>0x56c</run_address>
         <size>0xd8</size>
         <input_file_ref idref="fl-1a"/>
      </object_component>
      <object_component id="oc-95">
         <name>.debug_frame</name>
         <load_address>0x644</load_address>
         <run_address>0x644</run_address>
         <size>0xcf</size>
         <input_file_ref idref="fl-1c"/>
      </object_component>
      <object_component id="oc-a6">
         <name>.debug_frame</name>
         <load_address>0x713</load_address>
         <run_address>0x713</run_address>
         <size>0x115</size>
         <input_file_ref idref="fl-1e"/>
      </object_component>
      <object_component id="oc-b2">
         <name>.debug_frame</name>
         <load_address>0x828</load_address>
         <run_address>0x828</run_address>
         <size>0x260</size>
         <input_file_ref idref="fl-20"/>
      </object_component>
      <object_component id="oc-bb">
         <name>.debug_frame</name>
         <load_address>0xa88</load_address>
         <run_address>0xa88</run_address>
         <size>0xbc</size>
         <input_file_ref idref="fl-21"/>
      </object_component>
      <object_component id="oc-c1">
         <name>.debug_frame</name>
         <load_address>0xb44</load_address>
         <run_address>0xb44</run_address>
         <size>0x50</size>
         <input_file_ref idref="fl-22"/>
      </object_component>
      <object_component id="oc-c4">
         <name>.debug_frame</name>
         <load_address>0xb94</load_address>
         <run_address>0xb94</run_address>
         <size>0x4e</size>
         <input_file_ref idref="fl-23"/>
      </object_component>
      <object_component id="oc-d4">
         <name>.debug_frame</name>
         <load_address>0xbe2</load_address>
         <run_address>0xbe2</run_address>
         <size>0x4e</size>
         <input_file_ref idref="fl-25"/>
      </object_component>
      <object_component id="oc-d7">
         <name>.debug_frame</name>
         <load_address>0xc30</load_address>
         <run_address>0xc30</run_address>
         <size>0x6f</size>
         <input_file_ref idref="fl-26"/>
      </object_component>
      <object_component id="oc-e3">
         <name>.debug_frame</name>
         <load_address>0xc9f</load_address>
         <run_address>0xc9f</run_address>
         <size>0x3f</size>
         <input_file_ref idref="fl-27"/>
      </object_component>
      <object_component id="oc-f2">
         <name>.debug_frame</name>
         <load_address>0xcde</load_address>
         <run_address>0xcde</run_address>
         <size>0x61</size>
         <input_file_ref idref="fl-2a"/>
      </object_component>
      <object_component id="oc-fb">
         <name>.debug_frame</name>
         <load_address>0xd3f</load_address>
         <run_address>0xd3f</run_address>
         <size>0x3f</size>
         <input_file_ref idref="fl-2b"/>
      </object_component>
      <object_component id="oc-101">
         <name>.debug_frame</name>
         <load_address>0xd7e</load_address>
         <run_address>0xd7e</run_address>
         <size>0x3f</size>
         <input_file_ref idref="fl-2c"/>
      </object_component>
      <object_component id="oc-107">
         <name>.debug_frame</name>
         <load_address>0xdbd</load_address>
         <run_address>0xdbd</run_address>
         <size>0x641</size>
         <input_file_ref idref="fl-2d"/>
      </object_component>
      <object_component id="oc-191">
         <name>.debug_abbrev</name>
         <load_address>0x0</load_address>
         <run_address>0x0</run_address>
         <size>0x52</size>
         <input_file_ref idref="fl-2"/>
      </object_component>
      <object_component id="oc-11e">
         <name>.debug_abbrev</name>
         <load_address>0x52</load_address>
         <run_address>0x52</run_address>
         <size>0x8b</size>
         <input_file_ref idref="fl-2"/>
      </object_component>
      <object_component id="oc-121">
         <name>.debug_abbrev</name>
         <load_address>0xdd</load_address>
         <run_address>0xdd</run_address>
         <size>0x1f</size>
         <input_file_ref idref="fl-2"/>
      </object_component>
      <object_component id="oc-18c">
         <name>.debug_abbrev</name>
         <load_address>0xfc</load_address>
         <run_address>0xfc</run_address>
         <size>0x24</size>
         <input_file_ref idref="fl-2"/>
      </object_component>
      <object_component id="oc-193">
         <name>.debug_abbrev</name>
         <load_address>0x120</load_address>
         <run_address>0x120</run_address>
         <size>0xcc</size>
         <input_file_ref idref="fl-3"/>
      </object_component>
      <object_component id="oc-125">
         <name>.debug_abbrev</name>
         <load_address>0x1ec</load_address>
         <run_address>0x1ec</run_address>
         <size>0x126</size>
         <input_file_ref idref="fl-3"/>
      </object_component>
      <object_component id="oc-197">
         <name>.debug_abbrev</name>
         <load_address>0x312</load_address>
         <run_address>0x312</run_address>
         <size>0x5c</size>
         <input_file_ref idref="fl-3"/>
      </object_component>
      <object_component id="oc-186">
         <name>.debug_abbrev</name>
         <load_address>0x36e</load_address>
         <run_address>0x36e</run_address>
         <size>0x52</size>
         <input_file_ref idref="fl-13"/>
      </object_component>
      <object_component id="oc-109">
         <name>.debug_abbrev</name>
         <load_address>0x3c0</load_address>
         <run_address>0x3c0</run_address>
         <size>0x74</size>
         <input_file_ref idref="fl-13"/>
      </object_component>
      <object_component id="oc-10c">
         <name>.debug_abbrev</name>
         <load_address>0x434</load_address>
         <run_address>0x434</run_address>
         <size>0x24</size>
         <input_file_ref idref="fl-13"/>
      </object_component>
      <object_component id="oc-183">
         <name>.debug_abbrev</name>
         <load_address>0x458</load_address>
         <run_address>0x458</run_address>
         <size>0x24</size>
         <input_file_ref idref="fl-13"/>
      </object_component>
      <object_component id="oc-188">
         <name>.debug_abbrev</name>
         <load_address>0x47c</load_address>
         <run_address>0x47c</run_address>
         <size>0x52</size>
         <input_file_ref idref="fl-14"/>
      </object_component>
      <object_component id="oc-127">
         <name>.debug_abbrev</name>
         <load_address>0x4ce</load_address>
         <run_address>0x4ce</run_address>
         <size>0x7b</size>
         <input_file_ref idref="fl-14"/>
      </object_component>
      <object_component id="oc-110">
         <name>.debug_abbrev</name>
         <load_address>0x549</load_address>
         <run_address>0x549</run_address>
         <size>0x66</size>
         <input_file_ref idref="fl-14"/>
      </object_component>
      <object_component id="oc-128">
         <name>.debug_abbrev</name>
         <load_address>0x5af</load_address>
         <run_address>0x5af</run_address>
         <size>0x66</size>
         <input_file_ref idref="fl-14"/>
      </object_component>
      <object_component id="oc-114">
         <name>.debug_abbrev</name>
         <load_address>0x615</load_address>
         <run_address>0x615</run_address>
         <size>0x24</size>
         <input_file_ref idref="fl-14"/>
      </object_component>
      <object_component id="oc-18f">
         <name>.debug_abbrev</name>
         <load_address>0x639</load_address>
         <run_address>0x639</run_address>
         <size>0x52</size>
         <input_file_ref idref="fl-15"/>
      </object_component>
      <object_component id="oc-117">
         <name>.debug_abbrev</name>
         <load_address>0x68b</load_address>
         <run_address>0x68b</run_address>
         <size>0x74</size>
         <input_file_ref idref="fl-15"/>
      </object_component>
      <object_component id="oc-11a">
         <name>.debug_abbrev</name>
         <load_address>0x6ff</load_address>
         <run_address>0x6ff</run_address>
         <size>0x24</size>
[...]
         <name>IntSystemEnable</name>
         <value>0x8000322c</value>
         <object_component_ref idref="oc-ad"/>
      </symbol>
      <symbol id="sm-90c">
         <name>IntSoftwareIntClear</name>
         <value>0x800032c0</value>
         <object_component_ref idref="oc-ad"/>
      </symbol>
      <symbol id="sm-90d">
         <name>IntIfClkAutoGateSet</name>
         <value>0x80003394</value>
         <object_component_ref idref="oc-ad"/>
      </symbol>
      <symbol id="sm-90e">
         <name>IntIfClkFreeRunSet</name>
         <value>0x80003380</value>
         <object_component_ref idref="oc-ad"/>
      </symbol>
      <symbol id="sm-90f">
         <name>IntSyncClkFreeRunSet</name>
         <value>0x8000326c</value>
         <object_component_ref idref="oc-ad"/>
      </symbol>
      <symbol id="sm-910">
         <name>IntActiveIrqNumGet</name>
         <value>0x8000340c</value>
         <object_component_ref idref="oc-ad"/>
      </symbol>
      <symbol id="sm-911">
         <name>IntFuncClkFreeRunSet</name>
         <value>0x800033a8</value>
         <object_component_ref idref="oc-ad"/>
      </symbol>
      <symbol id="sm-935">
         <name>UARTConsoleGetc</name>
         <value>0x80003bd8</value>
         <object_component_ref idref="oc-b6"/>
      </symbol>
      <symbol id="sm-936">
         <name>UARTConsolePutc</name>
         <value>0x80003af0</value>
         <object_component_ref idref="oc-b6"/>
      </symbol>
      <symbol id="sm-937">
         <name>UARTConsoleInit</name>
         <value>0x80003bb4</value>
         <object_component_ref idref="oc-b6"/>
      </symbol>
      <symbol id="sm-9b2">
         <name>UART0ModuleClkConfig</name>
         <value>0x800034b4</value>
         <object_component_ref idref="oc-bc"/>
      </symbol>
      <symbol id="sm-9b3">
         <name>UARTPinMuxSetup</name>
         <value>0x80003494</value>
         <object_component_ref idref="oc-bc"/>
      </symbol>
      <symbol id="sm-9d8">
         <name>__TI_auto_init</name>
         <value>0x80003ea8</value>
         <object_component_ref idref="oc-c2"/>
      </symbol>
      <symbol id="sm-9ec">
         <name>_c_int00</name>
         <value>0x80004148</value>
         <object_component_ref idref="oc-c8"/>
      </symbol>
      <symbol id="sm-9ed">
         <name>__stack</name>
         <value>0x87fff000</value>
         <object_component_ref idref="oc-cd"/>
      </symbol>
      <symbol id="sm-9ee">
         <name>_stkchk_called</name>
         <value>0x800124d8</value>
         <object_component_ref idref="oc-ce"/>
      </symbol>
      <symbol id="sm-a08">
         <name>copy_in</name>
         <value>0x80003fec</value>
         <object_component_ref idref="oc-cf"/>
      </symbol>
      <symbol id="sm-a28">
         <name>C$$EXIT</name>
         <value>0x80004070</value>
         <object_component_ref idref="oc-d5"/>
      </symbol>
      <symbol id="sm-a29">
         <name>abort</name>
         <value>0x80004078</value>
         <object_component_ref idref="oc-d5"/>
      </symbol>
      <symbol id="sm-a2a">
         <name>exit</name>
         <value>0x80004084</value>
         <object_component_ref idref="oc-d5"/>
      </symbol>
      <symbol id="sm-a2b">
         <name>__TI_dtors_ptr</name>
         <value>0x800124d4</value>
         <object_component_ref idref="oc-db"/>
      </symbol>
      <symbol id="sm-a2c">
         <name>__TI_cleanup_ptr</name>
         <value>0x800124d0</value>
         <object_component_ref idref="oc-db"/>
      </symbol>
      <symbol id="sm-a36">
         <name>_system_pre_init</name>
         <value>0x80004264</value>
         <object_component_ref idref="oc-de"/>
      </symbol>
      <symbol id="sm-a3f">
         <name>main_func_sp</name>
         <value>0x800124dc</value>
         <object_component_ref idref="oc-e5"/>
      </symbol>
      <symbol id="sm-a53">
         <name>__aeabi_uidivmod</name>
         <value>0x80003d08</value>
         <object_component_ref idref="oc-e8"/>
      </symbol>
      <symbol id="sm-a54">
         <name>__aeabi_uidiv</name>
         <value>0x80003d08</value>
         <object_component_ref idref="oc-e8"/>
      </symbol>
      <symbol id="sm-a6e">
         <name>_nop</name>
         <value>0x800041f8</value>
         <object_component_ref idref="oc-ed"/>
      </symbol>
      <symbol id="sm-a6f">
         <name>_lock</name>
         <value>0x800124c8</value>
         <object_component_ref idref="oc-f3"/>
      </symbol>
      <symbol id="sm-a70">
         <name>_unlock</name>
         <value>0x800124cc</value>
         <object_component_ref idref="oc-f3"/>
      </symbol>
      <symbol id="sm-a71">
         <name>_register_lock</name>
         <value>0x800041ec</value>
         <object_component_ref idref="oc-ed"/>
      </symbol>
      <symbol id="sm-a72">
         <name>_register_unlock</name>
         <value>0x800041e0</value>
         <object_component_ref idref="oc-ed"/>
      </symbol>
      <symbol id="sm-a87">
         <name>_args_main</name>
         <value>0x80004204</value>
         <object_component_ref idref="oc-f6"/>
      </symbol>
      <symbol id="sm-a91">
         <name>__aeabi_idiv0</name>
         <value>0x8000426c</value>
         <object_component_ref idref="oc-fc"/>
      </symbol>
      <symbol id="sm-b19">
         <name>UARTAutobaudWordLenGet</name>
         <value>0x80001db0</value>
         <object_component_ref idref="oc-102"/>
      </symbol>
      <symbol id="sm-b1a">
         <name>UARTDivisorLatchDisable</name>
         <value>0x80001bbc</value>
         <object_component_ref idref="oc-102"/>
      </symbol>
      <symbol id="sm-b1b">
         <name>UARTCharPutNonBlocking</name>
         <value>0x80001c80</value>
         <object_component_ref idref="oc-102"/>
      </symbol>
      <symbol id="sm-b1c">
         <name>UARTDMAEnable</name>
         <value>0x80001bec</value>
         <object_component_ref idref="oc-102"/>
      </symbol>
      <symbol id="sm-b1d">
         <name>UARTXON1XOFF1ValProgram</name>
         <value>0x800010a0</value>
         <object_component_ref idref="oc-102"/>
      </symbol>
      <symbol id="sm-b1e">
         <name>UARTScratchPadRegWrite</name>
         <value>0x800013f4</value>
         <object_component_ref idref="oc-102"/>
      </symbol>
      <symbol id="sm-b1f">
         <name>UARTPulseShapingControl</name>
         <value>0x80001488</value>
         <object_component_ref idref="oc-102"/>
      </symbol>
      <symbol id="sm-b20">
         <name>UARTSubConfigXOFFModeEn</name>
         <value>0x800011f0</value>
         <object_component_ref idref="oc-102"/>
      </symbol>
      <symbol id="sm-b21">
         <name>UARTModemStatusChangeCheck</name>
         <value>0x80001534</value>
         <object_component_ref idref="oc-102"/>
      </symbol>
      <symbol id="sm-b22">
         <name>UARTFIFOTrigLvlGranControl</name>
         <value>0x80001778</value>
         <object_component_ref idref="oc-102"/>
      </symbol>
      <symbol id="sm-b23">
         <name>UARTDivisorValCompute</name>
         <value>0x80001b6c</value>
         <object_component_ref idref="oc-102"/>
      </symbol>
      <symbol id="sm-b24">
         <name>UARTIntPendingStatusGet</name>
         <value>0x800015cc</value>
         <object_component_ref idref="oc-102"/>
      </symbol>
      <symbol id="sm-b25">
         <name>UARTModuleReset</name>
         <value>0x8000150c</value>
         <object_component_ref idref="oc-102"/>
      </symbol>
      <symbol id="sm-b26">
         <name>UARTAutobaudParityGet</name>
         <value>0x80001df8</value>
         <object_component_ref idref="oc-102"/>
      </symbol>
      <symbol id="sm-b27">
         <name>UARTTCRTLRBitValRestore</name>
         <value>0x80001170</value>
         <object_component_ref idref="oc-102"/>
      </symbol>
      <symbol id="sm-b28">
         <name>UARTIntIdentityGet</name>
         <value>0x800015f8</value>
         <object_component_ref idref="oc-102"/>
      </symbol>
      <symbol id="sm-b29">
         <name>UARTCharGetTimeout</name>
         <value>0x80001ce4</value>
         <object_component_ref idref="oc-102"/>
      </symbol>
      <symbol id="sm-b2a">
         <name>UARTEnhanFuncBitValRestore</name>
         <value>0x800018e8</value>
         <object_component_ref idref="oc-102"/>
      </symbol>
      <symbol id="sm-b2b">
         <name>UARTModemControlSet</name>
         <value>0x80001540</value>
         <object_component_ref idref="oc-102"/>
      </symbol>
      <symbol id="sm-b2c">
         <name>UARTSubConfigTCRTLRModeEn</name>
         <value>0x80001268</value>
         <object_component_ref idref="oc-102"/>
      </symbol>
      <symbol id="sm-b2d">
         <name>UARTLoopbackModeControl</name>
         <value>0x80001570</value>
         <object_component_ref idref="oc-102"/>
      </symbol>
      <symbol id="sm-b2e">
         <name>UARTIdleModeConfigure</name>
         <value>0x8000171c</value>
         <object_component_ref idref="oc-102"/>
      </symbol>
      <symbol id="sm-b2f">
         <name>UARTDivisorLatchEnable</name>
         <value>0x80001bac</value>
         <object_component_ref idref="oc-102"/>
      </symbol>
      <symbol id="sm-b30">
         <name>UARTFIFOCharGet</name>
         <value>0x80001b60</value>
         <object_component_ref idref="oc-102"/>
      </symbol>
      <symbol id="sm-b31">
         <name>UARTFIFOWrite</name>
         <value>0x80001750</value>
         <object_component_ref idref="oc-102"/>
      </symbol>
      <symbol id="sm-b32">
         <name>UARTWakeUpEventsEnable</name>
         <value>0x800010ac</value>
         <object_component_ref idref="oc-102"/>
      </symbol>
      <symbol id="sm-b33">
         <name>UARTSpecialCharDetectControl</name>
         <value>0x80001358</value>
         <object_component_ref idref="oc-102"/>
      </symbol>
      <symbol id="sm-b34">
         <name>UARTDivisorLatchWrite</name>
         <value>0x800017a8</value>
         <object_component_ref idref="oc-102"/>
      </symbol>
      <symbol id="sm-b35">
         <name>UARTWakeUpEventsDisable</name>
         <value>0x800010c0</value>
         <object_component_ref idref="oc-102"/>
      </symbol>
      <symbol id="sm-b36">
         <name>UARTScratchPadRegRead</name>
         <value>0x80001414</value>
         <object_component_ref idref="oc-102"/>
      </symbol>
      <symbol id="sm-b37">
         <name>UARTModuleVersionNumberGet</name>
         <value>0x80001500</value>
         <object_component_ref idref="oc-102"/>
      </symbol>
      <symbol id="sm-b38">
         <name>UARTRXCTSDSRWakeUpConfigure</name>
         <value>0x8000145c</value>
         <object_component_ref idref="oc-102"/>
      </symbol>
      <symbol id="sm-b39">
         <name>UARTEnhanFuncEnable</name>
         <value>0x800018b8</value>
         <object_component_ref idref="oc-102"/>
      </symbol>
      <symbol id="sm-b3a">
         <name>UARTTxFIFOLevelGet</name>
         <value>0x800010fc</value>
         <object_component_ref idref="oc-102"/>
      </symbol>
      <symbol id="sm-b3b">
         <name>UARTOperatingModeSelect</name>
         <value>0x800014d4</value>
         <object_component_ref idref="oc-102"/>
      </symbol>
      <symbol id="sm-b3c">
         <name>UARTXON2XOFF2ValProgram</name>
         <value>0x80001094</value>
         <object_component_ref idref="oc-102"/>
      </symbol>
      <symbol id="sm-b3d">
         <name>UARTLineCharacConfig</name>
         <value>0x80001590</value>
         <object_component_ref idref="oc-102"/>
      </symbol>
      <symbol id="sm-b3e">
         <name>UARTIntEnable</name>
         <value>0x8000161c</value>
         <object_component_ref idref="oc-102"/>
      </symbol>
      <symbol id="sm-b3f">
         <name>UARTCharsAvail</name>
         <value>0x80001c54</value>
         <object_component_ref idref="oc-102"/>
      </symbol>
      <symbol id="sm-b40">
         <name>UARTRxFIFOLevelGet</name>
         <value>0x80001420</value>
         <object_component_ref idref="oc-102"/>
      </symbol>
      <symbol id="sm-b41">
         <name>UARTFlowCtrlTrigLvlConfig</name>
         <value>0x8000173c</value>
         <object_component_ref idref="oc-102"/>
      </symbol>
      <symbol id="sm-b42">
         <name>UARTCharGetNonBlocking</name>
         <value>0x80001d30</value>
         <object_component_ref idref="oc-102"/>
      </symbol>
      <symbol id="sm-b43">
         <name>UARTDMACounterResetControl</name>
         <value>0x80001c34</value>
         <object_component_ref idref="oc-102"/>
      </symbol>
      <symbol id="sm-b44">
         <name>UARTModemStatusGet</name>
         <value>0x80001528</value>
         <object_component_ref idref="oc-102"/>
      </symbol>
      <symbol id="sm-b45">
         <name>UARTAutoRTSAutoCTSControl</name>
         <value>0x80001e1c</value>
         <object_component_ref idref="oc-102"/>
      </symbol>
      <symbol id="sm-b46">
         <name>UARTFIFORegisterWrite</name>
         <value>0x80001920</value>
         <object_component_ref idref="oc-102"/>
      </symbol>
      <symbol id="sm-b47">
         <name>UARTDSRInterruptControl</name>
         <value>0x80001bcc</value>
         <object_component_ref idref="oc-102"/>
      </symbol>
      <symbol id="sm-b48">
         <name>UARTIntDisable</name>
         <value>0x800016a0</value>
         <object_component_ref idref="oc-102"/>
      </symbol>
      <symbol id="sm-b49">
         <name>UARTCharPut</name>
         <value>0x80001cb4</value>
         <object_component_ref idref="oc-102"/>
      </symbol>
      <symbol id="sm-b4a">
         <name>UARTTxDMAThresholdControl</name>
         <value>0x80001150</value>
         <object_component_ref idref="oc-102"/>
      </symbol>
      <symbol id="sm-b4b">
         <name>UARTParityModeSet</name>
         <value>0x800014a8</value>
         <object_component_ref idref="oc-102"/>
      </symbol>
      <symbol id="sm-b4c">
         <name>UARTAutoIdleModeControl</name>
         <value>0x80001e68</value>
         <object_component_ref idref="oc-102"/>
      </symbol>
      <symbol id="sm-b4d">
         <name>UARTRxErrorGet</name>
         <value>0x80001428</value>
         <object_component_ref idref="oc-102"/>
      </symbol>
      <symbol id="sm-b4e">
         <name>UARTFIFOEnableStatusGet</name>
         <value>0x80001974</value>
         <object_component_ref idref="oc-102"/>
      </symbol>
      <symbol id="sm-b4f">
         <name>UARTXONAnyFeatureControl</name>
         <value>0x80001030</value>
         <object_component_ref idref="oc-102"/>
      </symbol>
      <symbol id="sm-b50">
         <name>UARTFIFOCharPut</name>
         <value>0x80001b58</value>
         <object_component_ref idref="oc-102"/>
      </symbol>
      <symbol id="sm-b51">
         <name>UARTSubConfigMSRSPRModeEn</name>
         <value>0x800012e0</value>
         <object_component_ref idref="oc-102"/>
      </symbol>
      <symbol id="sm-b52">
         <name>UARTDMADisable</name>
         <value>0x80001c18</value>
         <object_component_ref idref="oc-102"/>
      </symbol>
      <symbol id="sm-b53">
         <name>UARTTxFIFOFullStatusGet</name>
         <value>0x80001104</value>
         <object_component_ref idref="oc-102"/>
      </symbol>
      <symbol id="sm-b54">
         <name>UARTFIFOConfig</name>
         <value>0x800019a0</value>
         <object_component_ref idref="oc-102"/>
      </symbol>
      <symbol id="sm-b55">
         <name>UARTTxDMAThresholdValConfig</name>
         <value>0x80001130</value>
         <object_component_ref idref="oc-102"/>
      </symbol>
      <symbol id="sm-b56">
         <name>UARTWakeUpControl</name>
         <value>0x800010dc</value>
         <object_component_ref idref="oc-102"/>
      </symbol>
      <symbol id="sm-b57">
         <name>UARTResumeOperation</name>
         <value>0x8000144c</value>
         <object_component_ref idref="oc-102"/>
      </symbol>
      <symbol id="sm-b58">
         <name>UARTRegConfModeRestore</name>
         <value>0x80001454</value>
         <object_component_ref idref="oc-102"/>
      </symbol>
      <symbol id="sm-b59">
         <name>UARTSpaceAvail</name>
         <value>0x80001390</value>
         <object_component_ref idref="oc-102"/>
      </symbol>
      <symbol id="sm-b5a">
         <name>UARTAutobaudSpeedGet</name>
         <value>0x80001dd4</value>
         <object_component_ref idref="oc-102"/>
      </symbol>
      <symbol id="sm-b5b">
         <name>UARTCharGet</name>
         <value>0x80001d60</value>
         <object_component_ref idref="oc-102"/>
      </symbol>
      <symbol id="sm-b5c">
         <name>UARTSoftwareFlowCtrlOptSet</name>
         <value>0x800013bc</value>
         <object_component_ref idref="oc-102"/>
      </symbol>
      <symbol id="sm-b5d">
         <name>UARTModemControlClear</name>
         <value>0x80001554</value>
         <object_component_ref idref="oc-102"/>
      </symbol>
      <symbol id="sm-b5e">
         <name>UARTRegConfigModeEnable</name>
         <value>0x80000ffc</value>
         <object_component_ref idref="oc-102"/>
      </symbol>
      <symbol id="sm-b5f">
         <name>UARTRXCTSDSRTransitionStatusGet</name>
         <value>0x8000147c</value>
         <object_component_ref idref="oc-102"/>
      </symbol>
      <symbol id="sm-b60">
         <name>UARTTxEmptyIntControl</name>
         <value>0x80001110</value>
         <object_component_ref idref="oc-102"/>
      </symbol>
      <symbol id="sm-b61">
         <name>UARTParityModeGet</name>
         <value>0x800014c8</value>
         <object_component_ref idref="oc-102"/>
      </symbol>
      <symbol id="sm-b62">
         <name>UARTBreakCtl</name>
         <value>0x80001d90</value>
         <object_component_ref idref="oc-102"/>
      </symbol>
      <symbol id="sm-b63">
         <name>__TI_static_base__</name>
         <value>0x800124e0</value>
      </symbol>
      <symbol id="sm-b76">
         <name>SHT$$INIT_ARRAY$$Limit</name>
         <value>0x0</value>
      </symbol>
      <symbol id="sm-b77">
         <name>SHT$$INIT_ARRAY$$Base</name>
         <value>0x0</value>
      </symbol>
      <symbol id="sm-b78">
         <name>UARTInit</name>
         <value>0x80003bb4</value>
      </symbol>
      <symbol id="sm-b79">
         <name>ConsoleUtilsInit</name>
         <value>0x80003bb4</value>
      </symbol>
      <symbol id="sm-b7a">
         <name>UARTStdioInit</name>
         <value>0x80003bb4</value>
      </symbol>
      <symbol id="sm-b7b">
         <name>UARTPutc</name>
         <value>0x80003af0</value>
      </symbol>
      <symbol id="sm-b7c">
         <name>UARTGetc</name>
         <value>0x80003bd8</value>
      </symbol>
      <symbol id="sm-b7d">
         <name>IntMasterIRQEnable</name>
         <value>0x800040e8</value>
      </symbol>
      <symbol id="sm-b7e">
         <name>IntMasterIRQDisable</name>
         <value>0x800040f8</value>
      </symbol>
      <symbol id="sm-b7f">
         <name>IntMasterFIQEnable</name>
         <value>0x80004108</value>
      </symbol>
      <symbol id="sm-b80">
         <name>IntMasterFIQDisable</name>
         <value>0x80004118</value>
      </symbol>
      <symbol id="sm-b81">
         <name>IntMasterStatusGet</name>
         <value>0x80004248</value>
      </symbol>
   </symbol_table>
   <title>Link successful</title>
</link_info>
