******************************************************************************
                  TI ARM Linker PC v5.2.3                      
******************************************************************************
>> Linked Wed Apr 29 10:32:28 2015

OUTPUT FILE NAME:   <PRU_Demo.out>
ENTRY POINT SYMBOL: "Entry"  address: 80000000


MEMORY CONFIGURATION

         name            origin    length      used     unused   attr    fill
----------------------  --------  ---------  --------  --------  ----  --------
  DDR_MEM               80000000   08000000  000146ed  07feb913  RWIX


SEGMENT ALLOCATION MAP

run origin  load origin   length   init length attrs members
----------  ----------- ---------- ----------- ----- -------
80000000    80000000    00004270   00004270    r-x
  80000000    80000000    000000d0   000000d0    r-x .text:Entry
  800000d0    800000d0    000041a0   000041a0    r-x .text
80004270    80004270    0000e201   00000000    rw-
  80004270    80004270    00001000   00000000    rw- AUDIO_data
  80005270    80005270    00001000   00000000    rw- AUDIO_text
  80006270    80006270    00001000   00000000    rw- HW_UART_data
  80007270    80007270    00001000   00000000    rw- HW_UART_text
  80008270    80008270    00001000   00000000    rw- LED0_data
  80009270    80009270    00001000   00000000    rw- LED0_text
  8000a270    8000a270    00001000   00000000    rw- LED1_data
  8000b270    8000b270    00001000   00000000    rw- LED1_text
  8000c270    8000c270    00001000   00000000    rw- SW_data
  8000d270    8000d270    00001000   00000000    rw- SW_text
  8000e270    8000e270    00001000   00000000    rw- TEMPSENSOR0_data
  8000f270    8000f270    00001000   00000000    rw- TEMPSENSOR0_text
  80010270    80010270    00001000   00000000    rw- TEMPSENSOR1_data
  80011270    80011270    00001000   00000000    rw- TEMPSENSOR1_text
  80012270    80012270    00000201   00000000    rw- .bss
80012474    80012474    00000054   00000054    r--
  80012474    80012474    00000054   00000054    r-- .const
800124c8    800124c8    00000018   00000000    rw-
  800124c8    800124c8    00000018   00000000    rw- .data
800124e0    800124e0    00001210   00001210    r--
  800124e0    800124e0    00001210   00001210    r-- .cinit
87fff000    87fff000    00001000   00000000    rw-
  87fff000    87fff000    00001000   00000000    rw- .stack


SECTION ALLOCATION MAP

 output                                  attributes/
section   page    origin      length       input sections
--------  ----  ----------  ----------   ----------------
.text:Entry 
*          0    80000000    000000d0     
                  80000000    000000c8     system.lib : init.obj (.text:Entry)
                  800000c8    00000008     rtsv7A8_A_le_eabi.lib : autoinit.obj (.tramp.__TI_auto_init.1)

.text      0    800000d0    000041a0     
                  800000d0    00000f2c     utils.lib : uartStdio.obj (.text)
                  80000ffc    00000e8c     drivers.lib : uart_irda_cir.obj (.text)
                  80001e88    00000c7c     pru_cape_demo.obj (.text)
                  80002b04    00000488     system.lib : cp15.obj (.text)
                  80002f8c    00000290     utils.lib : ascii.obj (.text)
                  8000321c    00000278     system.lib : interrupt.obj (.text)
                  80003494    000001c4     platform.lib : uart.obj (.text)
                  80003658    000001c4     utils.lib : consoleUtils.obj (.text)
                  8000381c    00000180     rtsv7A8_A_le_eabi.lib : memcpy32.obj (.text)
                  8000399c    00000154     pru.obj (.text)
                  80003af0    0000010c     platform.lib : uartConsole.obj (.text)
                  80003bfc    0000010c     system.lib : exceptionhandler.obj (.text)
                  80003d08    000000f0     rtsv7A8_A_le_eabi.lib : u_div32.obj (.text)
                  80003df8    000000b0                           : memset32.obj (.text)
                  80003ea8    000000a4                           : autoinit.obj (.text)
                  80003f4c    000000a0                           : copy_decompress_rle.obj (.text)
                  80003fec    00000084                           : cpy_tbl.obj (.text)
                  80004070    00000078                           : exit.obj (.text)
                  800040e8    00000060     system.lib : cpu.obj (.text)
                  80004148    00000054     rtsv7A8_A_le_eabi.lib : boot.obj (.text)
                  8000419c    00000044     system.lib : startup.obj (.text)
                  800041e0    00000024     rtsv7A8_A_le_eabi.lib : _lock.obj (.text)
                  80004204    00000020                           : args_main.obj (.text)
                  80004224    00000014                           : copy_decompress_none.obj (.text:decompress:none)
                  80004238    00000010                           : copy_zero_init.obj (.text:decompress:ZI)
                  80004248    0000000c     system.lib : cpu.obj (.text:CPUIntStatus)
                  80004254    00000008     rtsv7A8_A_le_eabi.lib : copy_decompress_rle.obj (.text:decompress:rle24)
                  8000425c    00000008                           : copy_decompress_rle.obj (.text:decompress:rle)
                  80004264    00000008                           : pre_init.obj (.text)
                  8000426c    00000004                           : i_div0.obj (.text)

AUDIO_data 
*          0    80004270    00001000     UNINITIALIZED
                  80004270    00001000     PRU_Audio_image.obj (.data)

AUDIO_text 
*          0    80005270    00001000     UNINITIALIZED
                  80005270    00001000     PRU_Audio_image.obj (.text)

HW_UART_data 
*          0    80006270    00001000     UNINITIALIZED
                  80006270    00001000     PRU_Hardware_UART_image.obj (.data)

HW_UART_text 
*          0    80007270    00001000     UNINITIALIZED
                  80007270    00001000     PRU_Hardware_UART_image.obj (.text)

LED0_data 
*          0    80008270    00001000     UNINITIALIZED
                  80008270    00001000     PRU_LED0_image.obj (.data)

LED0_text 
*          0    80009270    00001000     UNINITIALIZED
                  80009270    00001000     PRU_LED0_image.obj (.text)

LED1_data 
*          0    8000a270    00001000     UNINITIALIZED
                  8000a270    00001000     PRU_LED1_image.obj (.data)

LED1_text 
*          0    8000b270    00001000     UNINITIALIZED
                  8000b270    00001000     PRU_LED1_image.obj (.text)

SW_data    0    8000c270    00001000     UNINITIALIZED
                  8000c270    00001000     PRU_Switch_image.obj (.data)

SW_text    0    8000d270    00001000     UNINITIALIZED
                  8000d270    00001000     PRU_Switch_image.obj (.text)

TEMPSENSOR0_data 
*          0    8000e270    00001000     UNINITIALIZED
                  8000e270    00001000     PRU_HDQ_TempSensor0_image.obj (.data)

TEMPSENSOR0_text 
*          0    8000f270    00001000     UNINITIALIZED
                  8000f270    00001000     PRU_HDQ_TempSensor0_image.obj (.text)

TEMPSENSOR1_data 
*          0    80010270    00001000     UNINITIALIZED
                  80010270    00001000     PRU_HDQ_TempSensor1_image.obj (.data)

TEMPSENSOR1_text 
*          0    80011270    00001000     UNINITIALIZED
                  80011270    00001000     PRU_HDQ_TempSensor1_image.obj (.text)

.bss       0    80012270    00000201     UNINITIALIZED
                  80012270    00000200     system.lib : interrupt.obj (.bss:fnRAMVectors)
                  80012470    00000001     utils.lib : consoleUtils.obj (.bss)

.TI.noinit 
*          0    80012270    00000000     UNINITIALIZED

.const     0    80012474    00000054     
                  80012474    00000038     system.lib : startup.obj (.const:vecTbl)
                  800124ac    00000014     utils.lib : uartStdio.obj (.const:.string)
                  800124c0    00000004     system.lib : startup.obj (.const)
                  800124c4    00000004     utils.lib : uartStdio.obj (.const)

.data      0    800124c8    00000018     UNINITIALIZED
                  800124c8    00000008     rtsv7A8_A_le_eabi.lib : _lock.obj (.data)
                  800124d0    00000008                           : exit.obj (.data)
                  800124d8    00000004                           : boot.obj (.data)
                  800124dc    00000004                           : stkdepth_vars.obj (.data)

.TI.persistent 
*          0    800124c8    00000000     UNINITIALIZED

.cinit     0    800124e0    00001210     
                  800124e0    00000483     (.cinit.AUDIO_text.load) [load image, compression = rle]
                  80012963    00000005     --HOLE-- [fill = 0]
                  80012968    0000043f     (.cinit.TEMPSENSOR0_text.load) [load image, compression = rle]
                  80012da7    00000001     --HOLE-- [fill = 0]
                  80012da8    00000243     (.cinit.HW_UART_text.load) [load image, compression = rle]
                  80012feb    00000005     --HOLE-- [fill = 0]
                  80012ff0    0000020f     (.cinit.TEMPSENSOR1_text.load) [load image, compression = rle]
                  800131ff    00000001     --HOLE-- [fill = 0]
                  80013200    00000112     (.cinit.TEMPSENSOR0_data.load) [load image, compression = rle]
                  80013312    00000006     --HOLE-- [fill = 0]
                  80013318    00000109     (.cinit.AUDIO_data.load) [load image, compression = rle]
                  80013421    00000007     --HOLE-- [fill = 0]
                  80013428    00000077     (.cinit.SW_text.load) [load image, compression = rle]
                  8001349f    00000001     --HOLE-- [fill = 0]
                  800134a0    0000006f     (.cinit.LED0_text.load) [load image, compression = rle]
                  8001350f    00000001     --HOLE-- [fill = 0]
                  80013510    0000006f     (.cinit.LED1_text.load) [load image, compression = rle]
                  8001357f    00000001     --HOLE-- [fill = 0]
                  80013580    00000064     (.cinit.HW_UART_data.load) [load image, compression = rle]
                  800135e4    00000004     --HOLE-- [fill = 0]
                  800135e8    00000011     (.cinit..data.load) [load image, compression = rle]
                  800135f9    00000007     --HOLE-- [fill = 0]
                  80013600    00000011     (.cinit.LED0_data.load) [load image, compression = rle]
                  80013611    00000007     --HOLE-- [fill = 0]
                  80013618    00000011     (.cinit.LED1_data.load) [load image, compression = rle]
                  80013629    00000007     --HOLE-- [fill = 0]
                  80013630    00000011     (.cinit.SW_data.load) [load image, compression = rle]
                  80013641    00000007     --HOLE-- [fill = 0]
                  80013648    00000011     (.cinit.TEMPSENSOR1_data.load) [load image, compression = rle]
                  80013659    00000003     --HOLE-- [fill = 0]
                  8001365c    0000000c     (__TI_handler_table)
                  80013668    00000008     (.cinit..bss.load) [load image, compression = zero_init]
                  80013670    00000080     (__TI_cinit_table)

.stack     0    87fff000    00001000     UNINITIALIZED
                  87fff000    00001000     --HOLE--


LINKER GENERATED COPY TABLES

__TI_cinit_table @ 80013670 records: 16, size/record: 8, table size: 128
	AUDIO_text: load addr=800124e0, load size=00000483 bytes, run addr=80005270, run size=00001000 bytes, compression=rle
	TEMPSENSOR0_text: load addr=80012968, load size=0000043f bytes, run addr=8000f270, run size=00001000 bytes, compression=rle
	HW_UART_text: load addr=80012da8, load size=00000243 bytes, run addr=80007270, run size=00001000 bytes, compression=rle
	TEMPSENSOR1_text: load addr=80012ff0, load size=0000020f bytes, run addr=80011270, run size=00001000 bytes, compression=rle
	TEMPSENSOR0_data: load addr=80013200, load size=00000112 bytes, run addr=8000e270, run size=00001000 bytes, compression=rle
	AUDIO_data: load addr=80013318, load size=00000109 bytes, run addr=80004270, run size=00001000 bytes, compression=rle
	SW_text: load addr=80013428, load size=00000077 bytes, run addr=8000d270, run size=00001000 bytes, compression=rle
	LED0_text: load addr=800134a0, load size=0000006f bytes, run addr=80009270, run size=00001000 bytes, compression=rle
	LED1_text: load addr=80013510, load size=0000006f bytes, run addr=8000b270, run size=00001000 bytes, compression=rle
	HW_UART_data: load addr=80013580, load size=00000064 bytes, run addr=80006270, run size=00001000 bytes, compression=rle
	.data: load addr=800135e8, load size=00000011 bytes, run addr=800124c8, run size=00000018 bytes, compression=rle
	LED0_data: load addr=80013600, load size=00000011 bytes, run addr=80008270, run size=00001000 bytes, compression=rle
	LED1_data: load addr=80013618, load size=00000011 bytes, run addr=8000a270, run size=00001000 bytes, compression=rle
	SW_data: load addr=80013630, load size=00000011 bytes, run addr=8000c270, run size=00001000 bytes, compression=rle
	TEMPSENSOR1_data: load addr=80013648, load size=00000011 bytes, run addr=80010270, run size=00001000 bytes, compression=rle
	.bss: load addr=80013668, load size=00000008 bytes, run addr=80012270, run size=00000201 bytes, compression=zero_init


LINKER GENERATED HANDLER TABLE

__TI_handler_table @ 8001365c records: 3, size/record: 4, table size: 12
	index: 0, handler: __TI_decompress_rle24
	index: 1, handler: __TI_decompress_none
	index: 2, handler: __TI_zero_init


FAR CALL TRAMPOLINES

callee name               trampoline name
   callee addr  tramp addr   call addr  call info
--------------  -----------  ---------  ----------------
__TI_auto_init            $Tramp$AA$S$$__TI_auto_init
   80003ea8     800000c8     800000a0   system.lib : init.obj (.text:Entry)

[1 trampolines]
[1 trampoline calls]


GLOBAL SYMBOLS: SORTED ALPHABETICALLY BY Name 

address   name                           
-------   ----                           
00200400  .TI.load_image                 
800124c0  AM335X_VECTOR_BASE             
80003050  ASCIIToDigit                   
80004270  AUDIO_DATA                     
80005270  AUDIO_INST                     
80003cf0  AbortHandler                   
80002098  AudioTest                      
80004070  C$$EXIT                        
80002f60  CP15AuxControlFeatureDisable   
80002f4c  CP15AuxControlFeatureEnable    
80002ef4  CP15BranchPredictionDisable    
80002ee4  CP15BranchPredictionEnable     
80002ed8  CP15BranchPredictorInvalidate  
80002f14  CP15ControlFeatureDisable      
80002f28  CP15ControlFeatureEnable       
80002bf0  CP15DCacheClean                
80002d28  CP15DCacheCleanBuff            
80002c84  CP15DCacheCleanFlush           
80002d7c  CP15DCacheCleanFlushBuff       
80002b20  CP15DCacheDisable              
80002b4c  CP15DCacheEnable               
80002b5c  CP15DCacheFlush                
80002dd0  CP15DCacheFlushBuff            
80002f04  CP15DomainAccessClientSet      
80002b04  CP15ICacheDisable              
80002b3c  CP15ICacheEnable               
80002d18  CP15ICacheFlush                
80002e34  CP15ICacheFlushBuff            
80002ea0  CP15MMUDisable                 
80002eb8  CP15MMUEnable                  
80002f74  CP15MainIdPrimPartNumGet       
80002e94  CP15TlbInvalidate              
80002e88  CP15Ttb0Set                    
80002f3c  CP15TtbCtlTtb0Config           
80002ecc  CP15VectorBaseAddrSet          
80004144  CPUAbortHandler                
80004248  CPUIntStatus                   
8000413c  CPUSwitchToPrivilegedMode      
80004128  CPUSwitchToUserMode            
80004118  CPUfiqd                        
80004108  CPUfiqe                        
800040f8  CPUirqd                        
800040e8  CPUirqe                        
80003774  ConsoleUtilsGetChar            
80003744  ConsoleUtilsGets               
80003bb4  ConsoleUtilsInit               
800036fc  ConsoleUtilsPrintf             
800036dc  ConsoleUtilsPutChar            
800036c4  ConsoleUtilsPuts               
80003678  ConsoleUtilsScanf              
80003658  ConsoleUtilsSetType            
80003190  DateToStr                      
80002f8c  DigitToASCII                   
80000000  Entry                          
8000311c  EthrAddrToStr                  
80003cec  FIQHandler                     
80002280  HDQTest                        
80003c40  IRQHandler                     
8000341c  IntAINTCInit                   
8000340c  IntActiveIrqNumGet             
800033fc  IntCurrIrqPriorityGet          
800033e0  IntDisable                     
800033d0  IntEnable                      
800033bc  IntFuncClkAutoGateSet          
800033a8  IntFuncClkFreeRunSet           
80003394  IntIfClkAutoGateSet            
80003380  IntIfClkFreeRunSet             
80004118  IntMasterFIQDisable            
80004108  IntMasterFIQEnable             
800040f8  IntMasterIRQDisable            
800040e8  IntMasterIRQEnable             
80004248  IntMasterStatusGet             
8000335c  IntPendingIrqMaskedStatusGet   
80003348  IntPrioritySet                 
80003338  IntPriorityThresholdGet        
80003328  IntPriorityThresholdSet        
80003314  IntProtectionDisable           
80003304  IntProtectionEnable            
800032e8  IntRawStatusGet                
800032dc  IntRegister                    
800032c0  IntSoftwareIntClear            
800032a4  IntSoftwareIntSet              
80003294  IntSpurIrqFlagGet              
80003280  IntSyncClkAutoGateSet          
8000326c  IntSyncClkFreeRunSet           
8000324c  IntSystemDisable               
8000322c  IntSystemEnable                
8000321c  IntUnRegister                  
80008270  LED0_DATA                      
80009270  LED0_INST                      
8000a270  LED1_DATA                      
8000b270  LED1_INST                      
80001f08  LEDTest                        
80010270  MASTER_DATA                    
80011270  MASTER_INST                    
800025ec  MainMenu                       
80001e88  PRUCapePinmux                  
80003aac  PRUEnable                      
80003a88  PRUHalt                        
80003a00  PRUICSSInit                    
800039e0  PRUICSSReset                   
800039d0  PRUMemFill                     
8000399c  PRUMemLoad                     
UNDEFED   SHT$$INIT_ARRAY$$Base          
UNDEFED   SHT$$INIT_ARRAY$$Limit         
8000e270  SLAVE_DATA                     
8000f270  SLAVE_INST                     
80003c18  SVC_Handler                    
8000c270  SW_DATA                        
8000d270  SW_INST                        
800030b0  StrToEthrAddr                  
80001ffc  SwitchTest                     
80002fc4  TimeToStr                      
800034b4  UART0ModuleClkConfig           
80001e68  UARTAutoIdleModeControl        
80001e1c  UARTAutoRTSAutoCTSControl      
80001df8  UARTAutobaudParityGet          
80001dd4  UARTAutobaudSpeedGet           
80001db0  UARTAutobaudWordLenGet         
80001d90  UARTBreakCtl                   
80001d60  UARTCharGet                    
80001d30  UARTCharGetNonBlocking         
80001ce4  UARTCharGetTimeout             
80001cb4  UARTCharPut                    
80001c80  UARTCharPutNonBlocking         
80001c54  UARTCharsAvail                 
80003bd8  UARTConsoleGetc                
80003bb4  UARTConsoleInit                
80003af0  UARTConsolePutc                
80001c34  UARTDMACounterResetControl     
80001c18  UARTDMADisable                 
80001bec  UARTDMAEnable                  
80001bcc  UARTDSRInterruptControl        
80001bbc  UARTDivisorLatchDisable        
80001bac  UARTDivisorLatchEnable         
800017a8  UARTDivisorLatchWrite          
80001b6c  UARTDivisorValCompute          
800018e8  UARTEnhanFuncBitValRestore     
800018b8  UARTEnhanFuncEnable            
80001b60  UARTFIFOCharGet                
80001b58  UARTFIFOCharPut                
800019a0  UARTFIFOConfig                 
80001974  UARTFIFOEnableStatusGet        
80001920  UARTFIFORegisterWrite          
80001778  UARTFIFOTrigLvlGranControl     
80001750  UARTFIFOWrite                  
8000173c  UARTFlowCtrlTrigLvlConfig      
80000edc  UARTGetHexNum                  
80000e88  UARTGetNum                     
80003bd8  UARTGetc                       
80000e20  UARTGets                       
8000171c  UARTIdleModeConfigure          
80003bb4  UARTInit                       
800016a0  UARTIntDisable                 
8000161c  UARTIntEnable                  
800015f8  UARTIntIdentityGet             
800015cc  UARTIntPendingStatusGet        
80001590  UARTLineCharacConfig           
80001570  UARTLoopbackModeControl        
80001554  UARTModemControlClear          
80001540  UARTModemControlSet            
80001534  UARTModemStatusChangeCheck     
80001528  UARTModemStatusGet             
8000150c  UARTModuleReset                
80001500  UARTModuleVersionNumberGet     
800014d4  UARTOperatingModeSelect        
800014c8  UARTParityModeGet              
800014a8  UARTParityModeSet              
80003494  UARTPinMuxSetup                
80000b44  UARTPrintf                     
80001488  UARTPulseShapingControl        
80000a74  UARTPutHexNum                  
800009d0  UARTPutNum                     
80003af0  UARTPutc                       
80000420  UARTPuts                       
8000147c  UARTRXCTSDSRTransitionStatusGet
8000145c  UARTRXCTSDSRWakeUpConfigure    
80001454  UARTRegConfModeRestore         
80000ffc  UARTRegConfigModeEnable        
8000144c  UARTResumeOperation            
80001428  UARTRxErrorGet                 
80001420  UARTRxFIFOLevelGet             
800004a0  UARTScanf                      
80001414  UARTScratchPadRegRead          
800013f4  UARTScratchPadRegWrite         
800013bc  UARTSoftwareFlowCtrlOptSet     
80001390  UARTSpaceAvail                 
80001358  UARTSpecialCharDetectControl   
80003bb4  UARTStdioInit                  
800012e0  UARTSubConfigMSRSPRModeEn      
80001268  UARTSubConfigTCRTLRModeEn      
800011f0  UARTSubConfigXOFFModeEn        
80001170  UARTTCRTLRBitValRestore        
80002140  UARTTest                       
80001150  UARTTxDMAThresholdControl      
80001130  UARTTxDMAThresholdValConfig    
80001110  UARTTxEmptyIntControl          
80001104  UARTTxFIFOFullStatusGet        
800010fc  UARTTxFIFOLevelGet             
800010dc  UARTWakeUpControl              
800010c0  UARTWakeUpEventsDisable        
800010ac  UARTWakeUpEventsEnable         
800010a0  UARTXON1XOFF1ValProgram        
80001094  UARTXON2XOFF2ValProgram        
80001030  UARTXONAnyFeatureControl       
80006270  UART_DATA                      
80007270  UART_INST                      
80000118  UARTprintf                     
800000d0  UARTwrite                      
80003cf0  UndefInstHandler               
88000000  __STACK_END                    
00001000  __STACK_SIZE                   
80013670  __TI_CINIT_Base                
800136f0  __TI_CINIT_Limit               
8001365c  __TI_Handler_Table_Base        
80013668  __TI_Handler_Table_Limit       
80003ea8  __TI_auto_init                 
800124d0  __TI_cleanup_ptr               
80004224  __TI_decompress_none           
8000425c  __TI_decompress_rle            
80004254  __TI_decompress_rle24          
800124d4  __TI_dtors_ptr                 
800124e0  __TI_static_base__             
80004238  __TI_zero_init                 
8000426c  __aeabi_idiv0                  
80003df8  __aeabi_memclr                 
80003df8  __aeabi_memclr4                
80003df8  __aeabi_memclr8                
8000381c  __aeabi_memcpy                 
8000381c  __aeabi_memcpy4                
8000381c  __aeabi_memcpy8                
80003dfc  __aeabi_memset                 
80003dfc  __aeabi_memset4                
80003dfc  __aeabi_memset8                
80003d08  __aeabi_uidiv                  
80003d08  __aeabi_uidivmod               
ffffffff  __binit__                      
ffffffff  __c_args__                     
87fff000  __stack                        
80004204  _args_main                     
80004148  _c_int00                       
800124c8  _lock                          
800041f8  _nop                           
800041ec  _register_lock                 
800041e0  _register_unlock               
800124d8  _stkchk_called                 
80004264  _system_pre_init               
800124cc  _unlock                        
80004078  abort                          
ffffffff  binit                          
80012471  bss_end                        
80012270  bss_start                      
80003fec  copy_in                        
80004084  exit                           
80012270  fnRAMVectors                   
800027dc  main                           
800124dc  main_func_sp                   
8000381c  memcpy                         
80003e08  memset                         
800041c8  start_boot                     


GLOBAL SYMBOLS: SORTED BY Symbol Address 

address   name                           
-------   ----                           
00001000  __STACK_SIZE                   
00200400  .TI.load_image                 
80000000  Entry                          
800000d0  UARTwrite                      
80000118  UARTprintf                     
80000420  UARTPuts                       
800004a0  UARTScanf                      
800009d0  UARTPutNum                     
80000a74  UARTPutHexNum                  
80000b44  UARTPrintf                     
80000e20  UARTGets                       
80000e88  UARTGetNum                     
80000edc  UARTGetHexNum                  
80000ffc  UARTRegConfigModeEnable        
80001030  UARTXONAnyFeatureControl       
80001094  UARTXON2XOFF2ValProgram        
800010a0  UARTXON1XOFF1ValProgram        
800010ac  UARTWakeUpEventsEnable         
800010c0  UARTWakeUpEventsDisable        
800010dc  UARTWakeUpControl              
800010fc  UARTTxFIFOLevelGet             
80001104  UARTTxFIFOFullStatusGet        
80001110  UARTTxEmptyIntControl          
80001130  UARTTxDMAThresholdValConfig    
80001150  UARTTxDMAThresholdControl      
80001170  UARTTCRTLRBitValRestore        
800011f0  UARTSubConfigXOFFModeEn        
80001268  UARTSubConfigTCRTLRModeEn      
800012e0  UARTSubConfigMSRSPRModeEn      
80001358  UARTSpecialCharDetectControl   
80001390  UARTSpaceAvail                 
800013bc  UARTSoftwareFlowCtrlOptSet     
800013f4  UARTScratchPadRegWrite         
80001414  UARTScratchPadRegRead          
80001420  UARTRxFIFOLevelGet             
80001428  UARTRxErrorGet                 
8000144c  UARTResumeOperation            
80001454  UARTRegConfModeRestore         
8000145c  UARTRXCTSDSRWakeUpConfigure    
8000147c  UARTRXCTSDSRTransitionStatusGet
80001488  UARTPulseShapingControl        
800014a8  UARTParityModeSet              
800014c8  UARTParityModeGet              
800014d4  UARTOperatingModeSelect        
80001500  UARTModuleVersionNumberGet     
8000150c  UARTModuleReset                
80001528  UARTModemStatusGet             
80001534  UARTModemStatusChangeCheck     
80001540  UARTModemControlSet            
80001554  UARTModemControlClear          
80001570  UARTLoopbackModeControl        
80001590  UARTLineCharacConfig           
800015cc  UARTIntPendingStatusGet        
800015f8  UARTIntIdentityGet             
8000161c  UARTIntEnable                  
800016a0  UARTIntDisable                 
8000171c  UARTIdleModeConfigure          
8000173c  UARTFlowCtrlTrigLvlConfig      
80001750  UARTFIFOWrite                  
80001778  UARTFIFOTrigLvlGranControl     
800017a8  UARTDivisorLatchWrite          
800018b8  UARTEnhanFuncEnable            
800018e8  UARTEnhanFuncBitValRestore     
80001920  UARTFIFORegisterWrite          
80001974  UARTFIFOEnableStatusGet        
800019a0  UARTFIFOConfig                 
80001b58  UARTFIFOCharPut                
80001b60  UARTFIFOCharGet                
80001b6c  UARTDivisorValCompute          
80001bac  UARTDivisorLatchEnable         
80001bbc  UARTDivisorLatchDisable        
80001bcc  UARTDSRInterruptControl        
80001bec  UARTDMAEnable                  
80001c18  UARTDMADisable                 
80001c34  UARTDMACounterResetControl     
80001c54  UARTCharsAvail                 
80001c80  UARTCharPutNonBlocking         
80001cb4  UARTCharPut                    
80001ce4  UARTCharGetTimeout             
80001d30  UARTCharGetNonBlocking         
80001d60  UARTCharGet                    
80001d90  UARTBreakCtl                   
80001db0  UARTAutobaudWordLenGet         
80001dd4  UARTAutobaudSpeedGet           
80001df8  UARTAutobaudParityGet          
80001e1c  UARTAutoRTSAutoCTSControl      
80001e68  UARTAutoIdleModeControl        
80001e88  PRUCapePinmux                  
80001f08  LEDTest                        
80001ffc  SwitchTest                     
80002098  AudioTest                      
80002140  UARTTest                       
80002280  HDQTest                        
800025ec  MainMenu                       
800027dc  main                           
80002b04  CP15ICacheDisable              
80002b20  CP15DCacheDisable              
80002b3c  CP15ICacheEnable               
80002b4c  CP15DCacheEnable               
80002b5c  CP15DCacheFlush                
80002bf0  CP15DCacheClean                
80002c84  CP15DCacheCleanFlush           
80002d18  CP15ICacheFlush                
80002d28  CP15DCacheCleanBuff            
80002d7c  CP15DCacheCleanFlushBuff       
80002dd0  CP15DCacheFlushBuff            
80002e34  CP15ICacheFlushBuff            
80002e88  CP15Ttb0Set                    
80002e94  CP15TlbInvalidate              
80002ea0  CP15MMUDisable                 
80002eb8  CP15MMUEnable                  
80002ecc  CP15VectorBaseAddrSet          
80002ed8  CP15BranchPredictorInvalidate  
80002ee4  CP15BranchPredictionEnable     
80002ef4  CP15BranchPredictionDisable    
80002f04  CP15DomainAccessClientSet      
80002f14  CP15ControlFeatureDisable      
80002f28  CP15ControlFeatureEnable       
80002f3c  CP15TtbCtlTtb0Config           
80002f4c  CP15AuxControlFeatureEnable    
80002f60  CP15AuxControlFeatureDisable   
80002f74  CP15MainIdPrimPartNumGet       
80002f8c  DigitToASCII                   
80002fc4  TimeToStr                      
80003050  ASCIIToDigit                   
800030b0  StrToEthrAddr                  
8000311c  EthrAddrToStr                  
80003190  DateToStr                      
8000321c  IntUnRegister                  
8000322c  IntSystemEnable                
8000324c  IntSystemDisable               
8000326c  IntSyncClkFreeRunSet           
80003280  IntSyncClkAutoGateSet          
80003294  IntSpurIrqFlagGet              
800032a4  IntSoftwareIntSet              
800032c0  IntSoftwareIntClear            
800032dc  IntRegister                    
800032e8  IntRawStatusGet                
80003304  IntProtectionEnable            
80003314  IntProtectionDisable           
80003328  IntPriorityThresholdSet        
80003338  IntPriorityThresholdGet        
80003348  IntPrioritySet                 
8000335c  IntPendingIrqMaskedStatusGet   
80003380  IntIfClkFreeRunSet             
80003394  IntIfClkAutoGateSet            
800033a8  IntFuncClkFreeRunSet           
800033bc  IntFuncClkAutoGateSet          
800033d0  IntEnable                      
800033e0  IntDisable                     
800033fc  IntCurrIrqPriorityGet          
8000340c  IntActiveIrqNumGet             
8000341c  IntAINTCInit                   
80003494  UARTPinMuxSetup                
800034b4  UART0ModuleClkConfig           
80003658  ConsoleUtilsSetType            
80003678  ConsoleUtilsScanf              
800036c4  ConsoleUtilsPuts               
800036dc  ConsoleUtilsPutChar            
800036fc  ConsoleUtilsPrintf             
80003744  ConsoleUtilsGets               
80003774  ConsoleUtilsGetChar            
8000381c  __aeabi_memcpy                 
8000381c  __aeabi_memcpy4                
8000381c  __aeabi_memcpy8                
8000381c  memcpy                         
8000399c  PRUMemLoad                     
800039d0  PRUMemFill                     
800039e0  PRUICSSReset                   
80003a00  PRUICSSInit                    
80003a88  PRUHalt                        
80003aac  PRUEnable                      
80003af0  UARTConsolePutc                
80003af0  UARTPutc                       
80003bb4  ConsoleUtilsInit               
80003bb4  UARTConsoleInit                
80003bb4  UARTInit                       
80003bb4  UARTStdioInit                  
80003bd8  UARTConsoleGetc                
80003bd8  UARTGetc                       
80003c18  SVC_Handler                    
80003c40  IRQHandler                     
80003cec  FIQHandler                     
80003cf0  AbortHandler                   
80003cf0  UndefInstHandler               
80003d08  __aeabi_uidiv                  
80003d08  __aeabi_uidivmod               
80003df8  __aeabi_memclr                 
80003df8  __aeabi_memclr4                
80003df8  __aeabi_memclr8                
80003dfc  __aeabi_memset                 
80003dfc  __aeabi_memset4                
80003dfc  __aeabi_memset8                
80003e08  memset                         
80003ea8  __TI_auto_init                 
80003fec  copy_in                        
80004070  C$$EXIT                        
80004078  abort                          
80004084  exit                           
800040e8  CPUirqe                        
800040e8  IntMasterIRQEnable             
800040f8  CPUirqd                        
800040f8  IntMasterIRQDisable            
80004108  CPUfiqe                        
80004108  IntMasterFIQEnable             
80004118  CPUfiqd                        
80004118  IntMasterFIQDisable            
80004128  CPUSwitchToUserMode            
8000413c  CPUSwitchToPrivilegedMode      
80004144  CPUAbortHandler                
80004148  _c_int00                       
800041c8  start_boot                     
800041e0  _register_unlock               
800041ec  _register_lock                 
800041f8  _nop                           
80004204  _args_main                     
80004224  __TI_decompress_none           
80004238  __TI_zero_init                 
80004248  CPUIntStatus                   
80004248  IntMasterStatusGet             
80004254  __TI_decompress_rle24          
8000425c  __TI_decompress_rle            
80004264  _system_pre_init               
8000426c  __aeabi_idiv0                  
80004270  AUDIO_DATA                     
80005270  AUDIO_INST                     
80006270  UART_DATA                      
80007270  UART_INST                      
80008270  LED0_DATA                      
80009270  LED0_INST                      
8000a270  LED1_DATA                      
8000b270  LED1_INST                      
8000c270  SW_DATA                        
8000d270  SW_INST                        
8000e270  SLAVE_DATA                     
8000f270  SLAVE_INST                     
80010270  MASTER_DATA                    
80011270  MASTER_INST                    
80012270  bss_start                      
80012270  fnRAMVectors                   
80012471  bss_end                        
800124c0  AM335X_VECTOR_BASE             
800124c8  _lock                          
800124cc  _unlock                        
800124d0  __TI_cleanup_ptr               
800124d4  __TI_dtors_ptr                 
800124d8  _stkchk_called                 
800124dc  main_func_sp                   
800124e0  __TI_static_base__             
8001365c  __TI_Handler_Table_Base        
80013668  __TI_Handler_Table_Limit       
80013670  __TI_CINIT_Base                
800136f0  __TI_CINIT_Limit               
87fff000  __stack                        
88000000  __STACK_END                    
ffffffff  __binit__                      
ffffffff  __c_args__                     
ffffffff  binit                          
UNDEFED   SHT$$INIT_ARRAY$$Base          
UNDEFED   SHT$$INIT_ARRAY$$Limit         

[260 symbols]
